 HeatBox³£ÖÝºÍÑô

 Timestamp is 611a2716 (Mon Aug 16 16:51:34 2021)

 Preferred load address is 00400000

 Start         Length     Name                   Class
 0001:00000000 0006939cH .text                   CODE
 0001:000693a0 0000495eH .text$x                 CODE
 0001:0006dd00 00000c56H .text$yc                CODE
 0001:0006e960 00000353H .text$yd                CODE
 0002:00000000 00000674H .idata$5                DATA
 0002:00000674 00000004H .CRT$XCA                DATA
 0002:00000678 0000000cH .CRT$XCC                DATA
 0002:00000684 0000000cH .CRT$XCL                DATA
 0002:00000690 000000a0H .CRT$XCU                DATA
 0002:00000730 00000004H .CRT$XCZ                DATA
 0002:00000734 00000004H .CRT$XIA                DATA
 0002:00000738 00000014H .CRT$XIC                DATA
 0002:0000074c 00000004H .CRT$XIY                DATA
 0002:00000750 00000004H .CRT$XIZ                DATA
 0002:00000754 00000004H .CRT$XPA                DATA
 0002:00000758 00000004H .CRT$XPX                DATA
 0002:0000075c 00000004H .CRT$XPXA               DATA
 0002:00000760 00000004H .CRT$XPZ                DATA
 0002:00000764 00000004H .CRT$XTA                DATA
 0002:00000768 00000004H .CRT$XTZ                DATA
 0002:00000770 0000e3e8H .rdata                  DATA
 0002:0000eb58 000031c4H .rdata$r                DATA
 0002:00011d20 00000410H .rdata$sxdata           DATA
 0002:00012130 00000004H .rtc$IAA                DATA
 0002:00012134 00000004H .rtc$IZZ                DATA
 0002:00012138 00000004H .rtc$TAA                DATA
 0002:0001213c 00000004H .rtc$TZZ                DATA
 0002:00012140 00005994H .xdata$x                DATA
 0002:00017ad4 00000000H ATL$__a                 DATA
 0002:00017ad4 00000000H ATL$__z                 DATA
 0002:00017ad4 00000020H .didat$2                DATA
 0002:00017af4 00000020H .didat$3                DATA
 0002:00017b14 0000000cH .didat$4                DATA
 0002:00017b20 00000030H .didat$6                DATA
 0002:00017b50 0000000cH .didat$7                DATA
 0002:00017b5c 000000dcH .idata$2                DATA
 0002:00017c38 00000014H .idata$3                DATA
 0002:00017c4c 00000674H .idata$4                DATA
 0002:000182c0 00001ab4H .idata$6                DATA
 0002:00019d74 00000000H .edata                  DATA
 0003:00000000 00006350H .data                   DATA
 0003:00006350 0000000cH .didat$5                DATA
 0003:00006360 00114b98H .bss                    DATA
 0004:00000000 000010a8H .rsrc$01                DATA
 0004:000010b0 00008c70H .rsrc$02                DATA

  Address         Publics by Value              Rva+Base       Lib:Object

 0000:00000000       __except_list              00000000     <absolute>
 0000:00000104       ___safe_se_handler_count   00000104     <absolute>
 0000:00000000       ___ImageBase               00400000     <linker-defined>
 0001:00000000       ?AtlThrowImpl@ATL@@YGXJ@Z  00401000 f i AdjustWizardDlg.obj
 0001:00000020       ?Release@CStringData@ATL@@QAEXXZ 00401020 f i AdjustWizardDlg.obj
 0001:00000040       ??0CEdit@@QAE@XZ           00401040 f i AdjustWizardDlg.obj
 0001:00000060       ??3CObject@@SGXPAX@Z       00401060 f i AdjustWizardDlg.obj
 0001:00000070       ?BeginModalState@CWnd@@UAEXXZ 00401070 f i AdjustWizardDlg.obj
 0001:00000080       ?EndModalState@CWnd@@UAEXXZ 00401080 f i AdjustWizardDlg.obj
 0001:00000090       ??_ECEdit@@UAEPAXI@Z       00401090 f i AdjustWizardDlg.obj
 0001:00000090       ??_GCEdit@@UAEPAXI@Z       00401090 f i AdjustWizardDlg.obj
 0001:000000b0       ?SetLength@?$CSimpleStringT@_W$0A@@ATL@@AAEXH@Z 004010b0 f i AdjustWizardDlg.obj
 0001:000000e0       ?ThrowMemoryException@?$CSimpleStringT@_W$0A@@ATL@@KAXXZ 004010e0 f i AdjustWizardDlg.obj
 0001:000000f0       ?Fork@?$CSimpleStringT@_W$0A@@ATL@@AAEXH@Z 004010f0 f i AdjustWizardDlg.obj
 0001:00000170       ?Reallocate@?$CSimpleStringT@_W$0A@@ATL@@AAEXH@Z 00401170 f i AdjustWizardDlg.obj
 0001:000001b0       ??1?$CStringT@_WV?$StrTraitMFC@_WV?$ChTraitsCRT@_W@ATL@@@@@ATL@@QAE@XZ 004011b0 f i AdjustWizardDlg.obj
 0001:000001b0       ??1?$CSimpleStringT@_W$0A@@ATL@@QAE@XZ 004011b0 f i AdjustWizardDlg.obj
 0001:000001d0       ?Empty@?$CSimpleStringT@_W$0A@@ATL@@QAEXXZ 004011d0 f i AdjustWizardDlg.obj
 0001:00000240       ?PrepareWrite2@?$CSimpleStringT@_W$0A@@ATL@@AAEXH@Z 00401240 f i AdjustWizardDlg.obj
 0001:00000290       ??0?$CStringT@_WV?$StrTraitMFC@_WV?$ChTraitsCRT@_W@ATL@@@@@ATL@@QAE@XZ 00401290 f i AdjustWizardDlg.obj
 0001:000002c0       ?PrepareWrite@?$CSimpleStringT@_W$0A@@ATL@@AAEPA_WH@Z 004012c0 f i AdjustWizardDlg.obj
 0001:000002f0       ?SetString@?$CSimpleStringT@_W$0A@@ATL@@QAEXPB_WH@Z 004012f0 f i AdjustWizardDlg.obj
 0001:000003a0       ?SetString@?$CSimpleStringT@_W$0A@@ATL@@QAEXPB_W@Z 004013a0 f i AdjustWizardDlg.obj
 0001:000003e0       ??4?$CStringT@_WV?$StrTraitMFC@_WV?$ChTraitsCRT@_W@ATL@@@@@ATL@@QAEAAV01@PB_W@Z 004013e0 f i AdjustWizardDlg.obj
 0001:00000420       ?Create@CDialog@@UAEHIPAVCWnd@@@Z 00401420 f i AdjustWizardDlg.obj
 0001:00000430       ??0CMyLParam@@QAE@H@Z      00401430 f i ColorListCtrl.obj
 0001:000004c0       ?GetTextColor@CMyLParam@@QAEKH@Z 004014c0 f i ColorListCtrl.obj
 0001:000004e0       ??_GCMyLParam@@UAEPAXI@Z   004014e0 f i ColorListCtrl.obj
 0001:000004e0       ??_ECMyLParam@@UAEPAXI@Z   004014e0 f i ColorListCtrl.obj
 0001:00000520       ?SetColumnSize@CColorListCtrl@@QAEXH@Z 00401520 f   ColorListCtrl.obj
 0001:00000530       ??1CColorListCtrl@@UAE@XZ  00401530 f   ColorListCtrl.obj
 0001:00000540       ?MeasureItem@CColorListCtrl@@QAEXPAUtagMEASUREITEMSTRUCT@@@Z 00401540 f   ColorListCtrl.obj
 0001:00000560       ?OnMeasureItem@CColorListCtrl@@QAEXHPAUtagMEASUREITEMSTRUCT@@@Z 00401560 f   ColorListCtrl.obj
 0001:00000570       ?CreatePen@CPen@@QAEHHHK@Z 00401570 f i ColorListCtrl.obj
 0001:000005a0       ?Rectangle@CDC@@QAEHPBUtagRECT@@@Z 004015a0 f i ColorListCtrl.obj
 0001:000005c0       ?SendMessageW@CWnd@@QBEJIIJ@Z 004015c0 f i ColorListCtrl.obj
 0001:000005e0       ?GetWindowRect@CWnd@@QBEXPAUtagRECT@@@Z 004015e0 f i ColorListCtrl.obj
 0001:00000600       ?GetClientRect@CWnd@@QBEXPAUtagRECT@@@Z 00401600 f i ColorListCtrl.obj
 0001:00000620       ??_GCListCtrl@@UAEPAXI@Z   00401620 f i ColorListCtrl.obj
 0001:00000620       ??_ECListCtrl@@UAEPAXI@Z   00401620 f i ColorListCtrl.obj
 0001:00000640       ?InsertItem@CListCtrl@@QAEHPBUtagLVITEMW@@@Z 00401640 f i ColorListCtrl.obj
 0001:00000660       ?InsertColumn@CListCtrl@@QAEHHPBUtagLVCOLUMNW@@@Z 00401660 f i ColorListCtrl.obj
 0001:00000680       ??0CColorListCtrl@@QAE@XZ  00401680 f   ColorListCtrl.obj
 0001:000006b0       ??_GCColorListCtrl@@UAEPAXI@Z 004016b0 f i ColorListCtrl.obj
 0001:000006b0       ??_ECColorListCtrl@@UAEPAXI@Z 004016b0 f i ColorListCtrl.obj
 0001:000006d0       ?GetMyLParam@CColorListCtrl@@AAEPAVCMyLParam@@H@Z 004016d0 f   ColorListCtrl.obj
 0001:00000710       ?GetFullCellRect@CColorListCtrl@@AAE?AVCRect@@HH@Z 00401710 f   ColorListCtrl.obj
 0001:00000780       ?GetCellRect@CColorListCtrl@@AAE?AVCRect@@HHH@Z 00401780 f   ColorListCtrl.obj
 0001:00000860       ?InvalidateFullItem@CColorListCtrl@@AAEXHH@Z 00401860 f   ColorListCtrl.obj
 0001:000008a0       ?InitCtrl@CColorListCtrl@@QAEHPAVCStringArray@@PAVCByteArray@@@Z 004018a0 f   ColorListCtrl.obj
 0001:000009a0       ?AddItem@CColorListCtrl@@QAEHPAVCStringArray@@H@Z 004019a0 f   ColorListCtrl.obj
 0001:00000b10       ?DeleteItem@CColorListCtrl@@QAEHH@Z 00401b10 f   ColorListCtrl.obj
 0001:00000b90       ?SetItemBackgndColor@CColorListCtrl@@QAEHKHH@Z 00401b90 f   ColorListCtrl.obj
 0001:00000be0       ?RepaintSelectedItems@CColorListCtrl@@QAEXXZ 00401be0 f   ColorListCtrl.obj
 0001:00000c60       ?OnKillFocus@CColorListCtrl@@IAEXPAVCWnd@@@Z 00401c60 f   ColorListCtrl.obj
 0001:00000cb0       ?OnSetFocus@CColorListCtrl@@IAEXPAVCWnd@@@Z 00401cb0 f   ColorListCtrl.obj
 0001:00000cf0       ?OnSize@CColorListCtrl@@IAEXIHH@Z 00401cf0 f   ColorListCtrl.obj
 0001:00000d20       ?SetRowHeight@CColorListCtrl@@QAEXH@Z 00401d20 f   ColorListCtrl.obj
 0001:00000d80       ?DeleteAllItems@CColorListCtrl@@QAEHXZ 00401d80 f   ColorListCtrl.obj
 0001:00000dd0       ?DrawTextW@CDC@@QAEHABV?$CStringT@_WV?$StrTraitMFC@_WV?$ChTraitsCRT@_W@ATL@@@@@ATL@@PAUtagRECT@@I@Z 00401dd0 f i ColorListCtrl.obj
 0001:00000e00       ?OnDestroy@CColorListCtrl@@IAEXXZ 00401e00 f   ColorListCtrl.obj
 0001:00000e10       ?FormatV@?$CStringT@_WV?$StrTraitMFC@_WV?$ChTraitsCRT@_W@ATL@@@@@ATL@@QAEXPB_WPAD@Z 00401e10 f i ColorListCtrl.obj
 0001:00000e90       ?Format@?$CStringT@_WV?$StrTraitMFC@_WV?$ChTraitsCRT@_W@ATL@@@@@ATL@@QAAXPB_WZZ 00401e90 f i ColorListCtrl.obj
 0001:00000eb0       ??1CGdiObject@@UAE@XZ      00401eb0 f i ColorListCtrl.obj
 0001:00000fc0       ??1CPen@@UAE@XZ            00401fc0 f i ColorListCtrl.obj
 0001:00000fd0       ?OnPaint@CColorListCtrl@@IAEXXZ 00401fd0 f   ColorListCtrl.obj
 0001:00001190       ?DrawItem@CColorListCtrl@@MAEXPAUtagDRAWITEMSTRUCT@@@Z 00402190 f   ColorListCtrl.obj
 0001:00001850       ??_GCGdiObject@@UAEPAXI@Z  00402850 f i ColorListCtrl.obj
 0001:00001850       ??_ECGdiObject@@UAEPAXI@Z  00402850 f i ColorListCtrl.obj
 0001:00001870       ??_GCPen@@UAEPAXI@Z        00402870 f i ColorListCtrl.obj
 0001:00001870       ??_ECPen@@UAEPAXI@Z        00402870 f i ColorListCtrl.obj
 0001:000018a0       ?GetThisMessageMap@CColorListCtrl@@KGPBUAFX_MSGMAP@@XZ 004028a0 f   ColorListCtrl.obj
 0001:000018b0       ?GetMessageMap@CColorListCtrl@@MBEPBUAFX_MSGMAP@@XZ 004028b0 f   ColorListCtrl.obj
 0001:000018c0       ?IsValidTemp@@YA_NM@Z      004028c0 f   comm.obj
 0001:000018f0       ??0CComm@@QAE@XZ           004028f0 f   comm.obj
 0001:00001910       ??1CComm@@UAE@XZ           00402910 f   comm.obj
 0001:00001920       ?IsOpened@CComm@@QAE_NXZ   00402920 f   comm.obj
 0001:00001930       ?CloseComm@CComm@@QAEHXZ   00402930 f   comm.obj
 0001:00001960       ?ReadComm@CComm@@QAEHPADH@Z 00402960 f   comm.obj
 0001:00001a90       ?CRC16_AFF2@CComm@@SAXPAEHQAE@Z 00402a90 f   comm.obj
 0001:00001ad0       ?CRC16@CComm@@SAXPAEHQAE@Z 00402ad0 f   comm.obj
 0001:00001b10       ??$sprintf_s@$0MI@@@YAHAAY0MI@DPBDZZ 00402b10 f i comm.obj
 0001:00001b30       ??$swprintf_s@$0BE@@@YAHAAY0BE@_WPB_WZZ 00402b30 f i comm.obj
 0001:00001b50       ??$sprintf_s@$0GE@@@YAHAAY0GE@DPBDZZ 00402b50 f i comm.obj
 0001:00001b70       ?GetLocalTm@CTime@ATL@@QBEPAUtm@@PAU3@@Z 00402b70 f i comm.obj
 0001:00001bc0       ?GetYear@CTime@ATL@@QBEHXZ 00402bc0 f i comm.obj
 0001:00001bf0       ??_ECComm@@UAEPAXI@Z       00402bf0 f i comm.obj
 0001:00001bf0       ??_GCComm@@UAEPAXI@Z       00402bf0 f i comm.obj
 0001:00001c10       ?GetTickCount@CTime@ATL@@SG?AV12@XZ 00402c10 f i comm.obj
 0001:00001c30       ?CloneData@?$CSimpleStringT@_W$0A@@ATL@@CAPAUCStringData@2@PAU32@@Z 00402c30 f i comm.obj
 0001:00001ca0       ??0?$CStringT@_WV?$StrTraitMFC@_WV?$ChTraitsCRT@_W@ATL@@@@@ATL@@QAE@PAUIAtlStringMgr@1@@Z 00402ca0 f i comm.obj
 0001:00001ca0       ??0?$CSimpleStringT@_W$0A@@ATL@@QAE@PAUIAtlStringMgr@1@@Z 00402ca0 f i AdjustWizardDlg.obj
 0001:00001cd0       ?GetManager@?$CStringT@_WV?$StrTraitMFC@_WV?$ChTraitsCRT@_W@ATL@@@@@ATL@@QBEPAUIAtlStringMgr@2@XZ 00402cd0 f i comm.obj
 0001:00001d00       ??0?$CSimpleStringT@_W$0A@@ATL@@QAE@ABV01@@Z 00402d00 f i comm.obj
 0001:00001d00       ??0?$CStringT@_WV?$StrTraitMFC@_WV?$ChTraitsCRT@_W@ATL@@@@@ATL@@QAE@ABV01@@Z 00402d00 f i comm.obj
 0001:00001d20       ??1CFileException@@UAE@XZ  00402d20 f i comm.obj
 0001:00001d50       ?Concatenate@?$CSimpleStringT@_W$0A@@ATL@@KAXAAV12@PB_WH1H@Z 00402d50 f i comm.obj
 0001:00001de0       ??_ECFileException@@UAEPAXI@Z 00402de0 f i comm.obj
 0001:00001de0       ??_GCFileException@@UAEPAXI@Z 00402de0 f i comm.obj
 0001:00001e20       ??HATL@@YA?AV?$CStringT@_WV?$StrTraitMFC@_WV?$ChTraitsCRT@_W@ATL@@@@@0@ABV10@PB_W@Z 00402e20 f i comm.obj
 0001:00001f00       ?WriteLogFile@@YAXPADH_N@Z 00402f00 f   comm.obj
 0001:00002370       ?ReadCommThreadProc@@YAIPAX@Z 00403370 f   comm.obj
 0001:00002620       ?OpenComm@CComm@@QAEHDPAUCOMM_THREAD_PARA@@@Z 00403620 f   comm.obj
 0001:00002860       ?WriteComm@CComm@@QAEHPADH@Z 00403860 f   comm.obj
 0001:00002a90       ??0CCopyRight@@QAE@XZ      00403a90 f   CopyRight.obj
 0001:00002da0       ??1CCopyRight@@UAE@XZ      00403da0 f   CopyRight.obj
 0001:00002db0       ??0CTime@ATL@@QAE@HHHHHHH@Z 00403db0 f i CopyRight.obj
 0001:00002e90       ??_ECCopyRight@@UAEPAXI@Z  00403e90 f i CopyRight.obj
 0001:00002e90       ??_GCCopyRight@@UAEPAXI@Z  00403e90 f i CopyRight.obj
 0001:00002eb0       ?IsCopyRightOK@CCopyRight@@QAE_NXZ 00403eb0 f   CopyRight.obj
 0001:00003060       ?Append@?$CSimpleStringT@_W$0A@@ATL@@QAEXPB_WH@Z 00404060 f i CopyRight.obj
 0001:00003120       ??4?$CSimpleStringT@_W$0A@@ATL@@QAEAAV01@ABV01@@Z 00404120 f i CopyRight.obj
 0001:000031a0       ??4?$CStringT@_WV?$StrTraitMFC@_WV?$ChTraitsCRT@_W@ATL@@@@@ATL@@QAEAAV01@ABV01@@Z 004041a0 f i CopyRight.obj
 0001:000031c0       ??Y?$CStringT@_WV?$StrTraitMFC@_WV?$ChTraitsCRT@_W@ATL@@@@@ATL@@QAEAAV01@ABV?$CSimpleStringT@_W$0A@@1@@Z 004041c0 f i CopyRight.obj
 0001:000031e0       ?ShowItems@CCreateModifyParaDlg@@QAEXH@Z 004041e0 f   CreateModifyParaDlg.obj
 0001:000035d0       ?OnCbnSetfocusComboParaType@CCreateModifyParaDlg@@QAEXXZ 004045d0 f   CreateModifyParaDlg.obj
 0001:000035e0       ?OnEnSetfocusEditParaName@CCreateModifyParaDlg@@QAEXXZ 004045e0 f   CreateModifyParaDlg.obj
 0001:000035f0       ?OnEnKillfocusEditParaName@CCreateModifyParaDlg@@QAEXXZ 004045f0 f   CreateModifyParaDlg.obj
 0001:00003610       ?AfxCrtErrorCheck@@YAHH@Z  00404610 f i CreateModifyParaDlg.obj
 0001:000036a0       ?memmove_s@Checked@ATL@@YAXPAXIPBXI@Z 004046a0 f i CreateModifyParaDlg.obj
 0001:000036d0       ?_AtlGetStringResourceImage@ATL@@YAPBUATLSTRINGRESOURCEIMAGE@1@PAUHINSTANCE__@@PAUHRSRC__@@I@Z 004046d0 f i CreateModifyParaDlg.obj
 0001:00003740       ?AtlGetStringResourceImage@ATL@@YAPBUATLSTRINGRESOURCEIMAGE@1@PAUHINSTANCE__@@I@Z 00404740 f i CreateModifyParaDlg.obj
 0001:00003780       ??_GCListBox@@UAEPAXI@Z    00404780 f i CreateModifyParaDlg.obj
 0001:00003780       ??_ECListBox@@UAEPAXI@Z    00404780 f i CreateModifyParaDlg.obj
 0001:000037a0       ??_GCComboBox@@UAEPAXI@Z   004047a0 f i CreateModifyParaDlg.obj
 0001:000037a0       ??_ECComboBox@@UAEPAXI@Z   004047a0 f i CreateModifyParaDlg.obj
 0001:000037c0       ?DoDataExchange@CCreateModifyParaDlg@@MAEXPAVCDataExchange@@@Z 004047c0 f   CreateModifyParaDlg.obj
 0001:000039e0       ?OnCbnSelchangeComboParaType@CCreateModifyParaDlg@@QAEXXZ 004049e0 f   CreateModifyParaDlg.obj
 0001:00003a10       ??0?$CSimpleStringT@_W$0A@@ATL@@QAE@PB_WHPAUIAtlStringMgr@1@@Z 00404a10 f i CreateModifyParaDlg.obj
 0001:00003a90       ??0?$CStringT@_WV?$StrTraitMFC@_WV?$ChTraitsCRT@_W@ATL@@@@@ATL@@QAE@PB_WHPAUIAtlStringMgr@1@@Z 00404a90 f i CreateModifyParaDlg.obj
 0001:00003ab0       ??1CInputDlg@@UAE@XZ       00404ab0 f i CreateModifyParaDlg.obj
 0001:00003b00       ?LoadStringW@?$CStringT@_WV?$StrTraitMFC@_WV?$ChTraitsCRT@_W@ATL@@@@@ATL@@QAEHPAUHINSTANCE__@@I@Z 00404b00 f i CreateModifyParaDlg.obj
 0001:00003bd0       ?Left@?$CStringT@_WV?$StrTraitMFC@_WV?$ChTraitsCRT@_W@ATL@@@@@ATL@@QBE?AV12@H@Z 00404bd0 f i CreateModifyParaDlg.obj
 0001:00003c50       ?TrimLeft@?$CStringT@_WV?$StrTraitMFC@_WV?$ChTraitsCRT@_W@ATL@@@@@ATL@@QAEAAV12@XZ 00404c50 f i CreateModifyParaDlg.obj
 0001:00003cf0       ?Truncate@?$CSimpleStringT@_W$0A@@ATL@@QAEXH@Z 00404cf0 f i CreateModifyParaDlg.obj
 0001:00003d40       ?LoadStringW@?$CStringT@_WV?$StrTraitMFC@_WV?$ChTraitsCRT@_W@ATL@@@@@ATL@@QAEHI@Z 00404d40 f i CreateModifyParaDlg.obj
 0001:00003d70       ?CheckImplicitLoad@?$CStringT@_WV?$StrTraitMFC@_WV?$ChTraitsCRT@_W@ATL@@@@@ATL@@AAE_NPBX@Z 00404d70 f i CreateModifyParaDlg.obj
 0001:00003db0       ??HATL@@YA?AV?$CStringT@_WV?$StrTraitMFC@_WV?$ChTraitsCRT@_W@ATL@@@@@0@ABV10@0@Z 00404db0 f i CreateModifyParaDlg.obj
 0001:00003e70       ?TrimRight@?$CStringT@_WV?$StrTraitMFC@_WV?$ChTraitsCRT@_W@ATL@@@@@ATL@@QAEAAV12@XZ 00404e70 f i CreateModifyParaDlg.obj
 0001:00003ec0       ?OnSelchangeListParaName@CCreateModifyParaDlg@@IAEXXZ 00404ec0 f   CreateModifyParaDlg.obj
 0001:00004450       ?UpdateParaNameList@CCreateModifyParaDlg@@QAEXXZ 00405450 f   CreateModifyParaDlg.obj
 0001:00004710       ?OnDelete@CCreateModifyParaDlg@@IAEXXZ 00405710 f   CreateModifyParaDlg.obj
 0001:000049b0       ??0CCreateModifyParaDlg@@QAE@PAVCWnd@@@Z 004059b0 f   CreateModifyParaDlg.obj
 0001:00004b40       ??1CCreateModifyParaDlg@@UAE@XZ 00405b40 f i CreateModifyParaDlg.obj
 0001:00004be0       ??_GCCreateModifyParaDlg@@UAEPAXI@Z 00405be0 f i CreateModifyParaDlg.obj
 0001:00004be0       ??_ECCreateModifyParaDlg@@UAEPAXI@Z 00405be0 f i CreateModifyParaDlg.obj
 0001:00004c00       ?OnSave@CCreateModifyParaDlg@@IAEXXZ 00405c00 f   CreateModifyParaDlg.obj
 0001:00005170       ?OnInitDialog@CCreateModifyParaDlg@@MAEHXZ 00406170 f   CreateModifyParaDlg.obj
 0001:000051c0       ??0?$CStringT@_WV?$StrTraitMFC@_WV?$ChTraitsCRT@_W@ATL@@@@@ATL@@QAE@PB_W@Z 004061c0 f i CreateModifyParaDlg.obj
 0001:00005280       ?OnEnSetfocusEdit@CCreateModifyParaDlg@@QAEXI@Z 00406280 f   CreateModifyParaDlg.obj
 0001:00005580       ?GetThisMessageMap@CCreateModifyParaDlg@@KGPBUAFX_MSGMAP@@XZ 00406580 f   CreateModifyParaDlg.obj
 0001:00005590       ?GetMessageMap@CCreateModifyParaDlg@@MBEPBUAFX_MSGMAP@@XZ 00406590 f   CreateModifyParaDlg.obj
 0001:000055a0       ?CreateBitmapInfoStruct@CCurveDlg@@QAEPAUtagBITMAPINFO@@PAUHWND__@@PAUHBITMAP__@@@Z 004065a0 f   CurveDlg.obj
 0001:000056c0       ?ConvertToBaseType@?$ChTraitsCRT@_W@ATL@@SAXPA_WHPBDH@Z 004066c0 f i CurveDlg.obj
 0001:000056e0       ?CreateCompatibleBitmap@CBitmap@@QAEHPAVCDC@@HH@Z 004066e0 f i CurveDlg.obj
 0001:00005710       ?CreateCompatibleDC@CDC@@QAEHPAV1@@Z 00406710 f i CurveDlg.obj
 0001:00005750       ?SelectObject@CDC@@QAEPAVCBitmap@@PAV2@@Z 00406750 f i CurveDlg.obj
 0001:00005750       ?SelectObject@CDC@@QAEPAVCGdiObject@@PAV2@@Z 00406750 f i ColorListCtrl.obj
 0001:00005780       ?ReleaseDC@CWnd@@QAEHPAVCDC@@@Z 00406780 f i CurveDlg.obj
 0001:000057a0       ?DoDataExchange@CCurveDlg@@MAEXPAVCDataExchange@@@Z 004067a0 f   CurveDlg.obj
 0001:000057c0       ?OnInitDialog@CCurveDlg@@MAEHXZ 004067c0 f   CurveDlg.obj
 0001:00005830       ?OnShowWindow@CCurveDlg@@IAEXHI@Z 00406830 f   CurveDlg.obj
 0001:00005860       ?OnTimer@CCurveDlg@@QAEXI@Z 00406860 f   CurveDlg.obj
 0001:00005870       ?CreateBMPFile@CCurveDlg@@QAEHPAUHWND__@@PA_WPAUHBITMAP__@@PAUHDC__@@@Z 00406870 f   CurveDlg.obj
 0001:000059d0       ?GetBuffer@?$CSimpleStringT@_W$0A@@ATL@@QAEPA_WXZ 004069d0 f i CurveDlg.obj
 0001:000059f0       ??0?$CArray@NN@@QAE@XZ     004069f0 f i CurveDlg.obj
 0001:00005a10       ?memcpy_s@Checked@ATL@@YAXPAXIPBXI@Z 00406a10 f i CurveDlg.obj
 0001:00005a40       ?EnsureRead@CArchive@@QAEXPAXI@Z 00406a40 f i CurveDlg.obj
 0001:00005a70       ?RemoveAt@?$CArray@UMODBUS_RS485_CMD_OMRON@@U1@@@QAEXHH@Z 00406a70 f i HeatBoxDlg.obj
 0001:00005a70       ?RemoveAt@?$CArray@NN@@QAEXHH@Z 00406a70 f i CurveDlg.obj
 0001:00005ad0       ??1?$CArray@NN@@UAE@XZ     00406ad0 f i CurveDlg.obj
 0001:00005af0       ??_E?$CArray@NN@@UAEPAXI@Z 00406af0 f i CurveDlg.obj
 0001:00005af0       ??_G?$CArray@NN@@UAEPAXI@Z 00406af0 f i CurveDlg.obj
 0001:00005b10       ??$SerializeElements@UMODBUS_RS485_CMD_OMRON@@@@YGXAAVCArchive@@PAUMODBUS_RS485_CMD_OMRON@@H@Z 00406b10 f i HeatBox.obj
 0001:00005b10       ??$SerializeElements@N@@YGXAAVCArchive@@PANH@Z 00406b10 f i CurveDlg.obj
 0001:00005bc0       ?ReleaseBuffer@?$CSimpleStringT@_W$0A@@ATL@@QAEXH@Z 00406bc0 f i CurveDlg.obj
 0001:00005c10       ??0CCurveDlg@@QAE@PAVCWnd@@@Z 00406c10 f   CurveDlg.obj
 0001:00005cc0       ??1CCurveDlg@@UAE@XZ       00406cc0 f i CurveDlg.obj
 0001:00005d40       ??_GCCurveDlg@@UAEPAXI@Z   00406d40 f i CurveDlg.obj
 0001:00005d40       ??_ECCurveDlg@@UAEPAXI@Z   00406d40 f i CurveDlg.obj
 0001:00005d60       ??4?$CStringT@_WV?$StrTraitMFC@_WV?$ChTraitsCRT@_W@ATL@@@@@ATL@@QAEAAV01@PBD@Z 00406d60 f i CurveDlg.obj
 0001:00005df0       ??1CBrush@@UAE@XZ          00406df0 f i CurveDlg.obj
 0001:00005e00       ??1CBitmap@@UAE@XZ         00406e00 f i CurveDlg.obj
 0001:00005e10       ??0?$CStringT@_WV?$StrTraitMFC@_WV?$ChTraitsCRT@_W@ATL@@@@@ATL@@QAE@PBD@Z 00406e10 f i CurveDlg.obj
 0001:00005eb0       ?DrawTempCurve@CCurveDlg@@QAEXXZ 00406eb0 f   CurveDlg.obj
 0001:00007400       ??_GCBrush@@UAEPAXI@Z      00408400 f i CurveDlg.obj
 0001:00007400       ??_ECBrush@@UAEPAXI@Z      00408400 f i CurveDlg.obj
 0001:00007430       ??_ECBitmap@@UAEPAXI@Z     00408430 f i CurveDlg.obj
 0001:00007430       ??_GCBitmap@@UAEPAXI@Z     00408430 f i CurveDlg.obj
 0001:00007460       ?UpdateTemp@CCurveDlg@@QAEXQAN@Z 00408460 f   CurveDlg.obj
 0001:000074c0       ?OnExportTempFlat@CCurveDlg@@QAEXV?$CStringT@_WV?$StrTraitMFC@_WV?$ChTraitsCRT@_W@ATL@@@@@ATL@@@Z 004084c0 f   CurveDlg.obj
 0001:000078f0       ?OnBnClickedButtonSave@CCurveDlg@@QAEXXZ 004088f0 f   CurveDlg.obj
 0001:00007910       ?GetThisMessageMap@CCurveDlg@@KGPBUAFX_MSGMAP@@XZ 00408910 f   CurveDlg.obj
 0001:00007920       ?GetMessageMap@CCurveDlg@@MBEPBUAFX_MSGMAP@@XZ 00408920 f   CurveDlg.obj
 0001:00007930       ?OnButton12@CDebugDlg@@IAEXXZ 00408930 f   DebugDlg.obj
 0001:000079a0       ?OnButton13@CDebugDlg@@IAEXXZ 004089a0 f   DebugDlg.obj
 0001:00007a10       ?OmronShort2PcShort@CDebugDlg@@SAGG@Z 00408a10 f   DebugDlg.obj
 0001:00007a10       ?PcShort2OmronShort@CDebugDlg@@SAGG@Z 00408a10 f   DebugDlg.obj
 0001:00007a30       ?WinHelpW@CDebugDlg@@UAEXKI@Z 00408a30 f   DebugDlg.obj
 0001:00007a40       ?OnEnSetfocusEditPara4@CDebugDlg@@QAEXXZ 00408a40 f   DebugDlg.obj
 0001:00007a50       ?DoDataExchange@CDebugDlg@@MAEXPAVCDataExchange@@@Z 00408a50 f   DebugDlg.obj
 0001:00007af0       ?OnButton_STOP_OUT@CDebugDlg@@IAEXXZ 00408af0 f   DebugDlg.obj
 0001:00007b90       ?OnButton_ReadAdjustLow@CDebugDlg@@IAEXXZ 00408b90 f   DebugDlg.obj
 0001:00007c20       ?OnButton_ReadAdjustHigh@CDebugDlg@@IAEXXZ 00408c20 f   DebugDlg.obj
 0001:00007cb0       ?OnButton2@CDebugDlg@@IAEXXZ 00408cb0 f   DebugDlg.obj
 0001:00007dd0       ?OnButton_PID@CDebugDlg@@IAEXXZ 00408dd0 f   DebugDlg.obj
 0001:00007ed0       ?OnButtonSetAdjustAll@CDebugDlg@@IAEXXZ 00408ed0 f   DebugDlg.obj
 0001:00007ed0       ?OnChangeEditMainLevelSpan@CParaDlg@@IAEXXZ 00408ed0 f   ParaDlg.obj
 0001:00007ed0       ?OnButtonCopyright@CDebugDlg@@IAEXXZ 00408ed0 f   DebugDlg.obj
 0001:00007ed0       ?OnChangeEditLowLevelSpan@CParaDlg@@IAEXXZ 00408ed0 f   ParaDlg.obj
 0001:00007ed0       ?OnButton2@CTakeoutDlg@@IAEXXZ 00408ed0 f   TakeDlg.obj
 0001:00007ed0       ?OnChangeEditHighLevelSpan@CParaDlg@@IAEXXZ 00408ed0 f   ParaDlg.obj
 0001:00007ed0       ?OnButtonBoardAdjust@CDebugDlg@@IAEXXZ 00408ed0 f   DebugDlg.obj
 0001:00007ed0       ?OnButtonHighVolt@CDebugDlg@@IAEXXZ 00408ed0 f   DebugDlg.obj
 0001:00007ed0       ?OnButtonAdjustWizard@CDebugDlg@@IAEXXZ 00408ed0 f   DebugDlg.obj
 0001:00007ed0       ?OnButton20@CDebugDlg@@IAEXXZ 00408ed0 f   DebugDlg.obj
 0001:00007ed0       ?OnButtonReset@CDebugDlg@@IAEXXZ 00408ed0 f   DebugDlg.obj
 0001:00007ed0       ?OnButtonReadSynchronization@CDebugDlg@@IAEXXZ 00408ed0 f   DebugDlg.obj
 0001:00007ed0       ?OnChangeEditMainLevelSpanMinus@CParaDlg@@IAEXXZ 00408ed0 f   ParaDlg.obj
 0001:00007ed0       ?OnSelchangeComboFlashGap@CSwitchDlg@@IAEXXZ 00408ed0 f   SwitchDlg.obj
 0001:00007ed0       ?OnButton5@CDebugDlg@@IAEXXZ 00408ed0 f   DebugDlg.obj
 0001:00007ed0       ?OnOK@CHeatBoxDlg@@MAEXXZ  00408ed0 f   HeatBoxDlg.obj
 0001:00007ed0       ?OnCbnSelchangeCombo485Protocol@CParaDlg@@QAEXXZ 00408ed0 f   ParaDlg.obj
 0001:00007ed0       ?OnBnClickedButtonSave@CProductTempBar@@QAEXXZ 00408ed0 f   ProductTempBar.obj
 0001:00007ed0       ?OnButtonTongji@CRecordViewDlg@@IAEXXZ 00408ed0 f   RecordViewDlg.obj
 0001:00007ed0       ?OnButtonSynchronizationBegin@CDebugDlg@@IAEXXZ 00408ed0 f   DebugDlg.obj
 0001:00007ed0       ?OnBnClickedCheckRelay@CParaDlg@@QAEXXZ 00408ed0 f   ParaDlg.obj
 0001:00007ed0       ?OnChangeEditMainLevelSpanPlus@CParaDlg@@IAEXXZ 00408ed0 f   ParaDlg.obj
 0001:00007ed0       ?OnChangeEdit1@CSwitchDlg@@IAEXXZ 00408ed0 f   SwitchDlg.obj
 0001:00007ee0       ?OnButton6@CDebugDlg@@IAEXXZ 00408ee0 f   DebugDlg.obj
 0001:00008020       ?OnButton7@CDebugDlg@@IAEXXZ 00409020 f   DebugDlg.obj
 0001:00008120       ?OnButton_SetAdjustLow@CDebugDlg@@IAEXXZ 00409120 f   DebugDlg.obj
 0001:00008210       ?OnButton_SetAdjustHigh@CDebugDlg@@IAEXXZ 00409210 f   DebugDlg.obj
 0001:00008300       ?OnChar@CDebugDlg@@IAEXIII@Z 00409300 f   DebugDlg.obj
 0001:00008340       ?OnRadioLedStatus@CDebugDlg@@IAEXXZ 00409340 f   DebugDlg.obj
 0001:000083b0       ?OnRadioLedAllOn@CDebugDlg@@IAEXXZ 004093b0 f   DebugDlg.obj
 0001:00008420       ?OnRadioLedAllOff@CDebugDlg@@IAEXXZ 00409420 f   DebugDlg.obj
 0001:00008490       ?OnInitDialog@CDebugDlg@@MAEHXZ 00409490 f   DebugDlg.obj
 0001:00008510       ?OnButtonReadAdjustAll@CDebugDlg@@IAEXXZ 00409510 f   DebugDlg.obj
 0001:00008580       ?OnCheckReset@CDebugDlg@@IAEXXZ 00409580 f   DebugDlg.obj
 0001:00008610       ?OnBnClickedCheckRelay@CDebugDlg@@QAEXXZ 00409610 f   DebugDlg.obj
 0001:00008680       ?OnBnClickedCheckHighVolt@CDebugDlg@@QAEXXZ 00409680 f   DebugDlg.obj
 0001:000086d0       ?OnBnClickedCheckCoolRelay@CDebugDlg@@QAEXXZ 004096d0 f   DebugDlg.obj
 0001:00008760       ?OnBnClickedButton14@CDebugDlg@@QAEXXZ 00409760 f   DebugDlg.obj
 0001:00008890       ?OnActivate@CAboutDlg@@QAEXIPAVCWnd@@H@Z 00409890 f   HeatBoxDlg.obj
 0001:00008890       ?OnActivate@CDebugDlg@@QAEXIPAVCWnd@@H@Z 00409890 f   DebugDlg.obj
 0001:000088b0       ?OnBnClickedCheckCoolRelay2@CDebugDlg@@QAEXXZ 004098b0 f   DebugDlg.obj
 0001:00008940       ?OnBnClickedButtonUpdateFirmware@CDebugDlg@@QAEXXZ 00409940 f   DebugDlg.obj
 0001:00008970       ?OnBnClickedButtonUpdateFirmware2@CDebugDlg@@QAEXXZ 00409970 f   DebugDlg.obj
 0001:000089a0       ?OnBnClickedButtonUpdateFirmware3@CDebugDlg@@QAEXXZ 004099a0 f   DebugDlg.obj
 0001:000089d0       ?OnBnClickedButtonUpdateFirmware4@CDebugDlg@@QAEXXZ 004099d0 f   DebugDlg.obj
 0001:00008a00       ?OnBnClickedButtonUpdateFirmware5@CDebugDlg@@QAEXXZ 00409a00 f   DebugDlg.obj
 0001:00008a30       ?Compare@?$CStringT@_WV?$StrTraitMFC@_WV?$ChTraitsCRT@_W@ATL@@@@@ATL@@QBEHPB_W@Z 00409a30 f i DebugDlg.obj
 0001:00008a80       ??8ATL@@YA_NABV?$CStringT@_WV?$StrTraitMFC@_WV?$ChTraitsCRT@_W@ATL@@@@@0@PB_W@Z 00409a80 f i DebugDlg.obj
 0001:00008ae0       ?GetTextExtent@CDC@@QBE?AVCSize@@ABV?$CStringT@_WV?$StrTraitMFC@_WV?$ChTraitsCRT@_W@ATL@@@@@ATL@@@Z 00409ae0 f i DebugDlg.obj
 0001:00008b20       ??1CInputPidTempDlg@@UAE@XZ 00409b20 f i DebugDlg.obj
 0001:00008b50       ?OnButton17@CDebugDlg@@IAEXXZ 00409b50 f   DebugDlg.obj
 0001:00008c40       ?OnButton18@CDebugDlg@@IAEXXZ 00409c40 f   DebugDlg.obj
 0001:00008d30       ?OnButton4@CDebugDlg@@IAEXXZ 00409d30 f   DebugDlg.obj
 0001:00008f30       ??1CRecordViewDlg@@UAE@XZ  00409f30 f i DebugDlg.obj
 0001:00009060       ??1CInputGlassTempDlg@@UAE@XZ 0040a060 f i DebugDlg.obj
 0001:000091b0       ?OnButtonRecordView@CDebugDlg@@IAEXXZ 0040a1b0 f   DebugDlg.obj
 0001:00009240       ?Replace@?$CStringT@_WV?$StrTraitMFC@_WV?$ChTraitsCRT@_W@ATL@@@@@ATL@@QAEHPB_W0@Z 0040a240 f i DebugDlg.obj
 0001:00009470       ?OnButton_Cal_Adjust@CDebugDlg@@IAEXXZ 0040a470 f   DebugDlg.obj
 0001:00009730       ?CalAdjustTemp@CDebugDlg@@QAEXXZ 0040a730 f   DebugDlg.obj
 0001:00009920       ?Append@?$CSimpleStringT@_W$0A@@ATL@@QAEXPB_W@Z 0040a920 f i DebugDlg.obj
 0001:00009960       ?DrawLED@CDebugDlg@@QAEXXZ 0040a960 f   DebugDlg.obj
 0001:0000a410       ?OnEnSetfocusEditPara@CDebugDlg@@QAEXI@Z 0040b410 f   DebugDlg.obj
 0001:0000a4f0       ?OnButtonCalTemp@CDebugDlg@@IAEXXZ 0040b4f0 f   DebugDlg.obj
 0001:0000a7c0       ?DealCmdAnswer@CDebugDlg@@QAEXHPAD0_N@Z 0040b7c0 f   DebugDlg.obj
 0001:0000aa90       ?OnEnSetfocusEditSetAdjustAll@CDebugDlg@@QAEXXZ 0040ba90 f   DebugDlg.obj
 0001:0000ab60       ??Y?$CStringT@_WV?$StrTraitMFC@_WV?$ChTraitsCRT@_W@ATL@@@@@ATL@@QAEAAV01@PB_W@Z 0040bb60 f i DebugDlg.obj
 0001:0000aba0       ??0CDebugDlg@@QAE@PAVCWnd@@@Z 0040bba0 f   DebugDlg.obj
 0001:0000ace0       ??1CDebugDlg@@UAE@XZ       0040bce0 f i DebugDlg.obj
 0001:0000ade0       ??_ECDebugDlg@@UAEPAXI@Z   0040bde0 f i DebugDlg.obj
 0001:0000ade0       ??_GCDebugDlg@@UAEPAXI@Z   0040bde0 f i DebugDlg.obj
 0001:0000ae00       ?InputGlassLowTemp@CDebugDlg@@QAEXXZ 0040be00 f   DebugDlg.obj
 0001:0000b0c0       ?InputGlassHighTemp@CDebugDlg@@QAEXXZ 0040c0c0 f   DebugDlg.obj
 0001:0000b510       ?OnTimer@CDebugDlg@@IAEXI@Z 0040c510 f   DebugDlg.obj
 0001:0000b680       ?GetThisMessageMap@CDebugDlg@@KGPBUAFX_MSGMAP@@XZ 0040c680 f   DebugDlg.obj
 0001:0000b690       ?GetMessageMap@CDebugDlg@@MBEPBUAFX_MSGMAP@@XZ 0040c690 f   DebugDlg.obj
 0001:0000b6a0       ?GetRuntimeClass@CDlgInfomation@@UBEPAUCRuntimeClass@@XZ 0040c6a0 f   DlgInfomation.obj
 0001:0000b6b0       ?OnInitDialog@CDlgInfomation@@UAEHXZ 0040c6b0 f   DlgInfomation.obj
 0001:0000b6c0       ?DoDataExchange@CDlgInfomation@@MAEXPAVCDataExchange@@@Z 0040c6c0 f   DlgInfomation.obj
 0001:0000b6f0       ??1CDlgInfomation@@UAE@XZ  0040c6f0 f   DlgInfomation.obj
 0001:0000b740       ??_GCDlgInfomation@@UAEPAXI@Z 0040c740 f i DlgInfomation.obj
 0001:0000b740       ??_ECDlgInfomation@@UAEPAXI@Z 0040c740 f i DlgInfomation.obj
 0001:0000b760       ?OnBnClickedOk@CDlgInfomation@@QAEXXZ 0040c760 f   DlgInfomation.obj
 0001:0000b840       ?GetThisMessageMap@CDlgInfomation@@KGPBUAFX_MSGMAP@@XZ 0040c840 f   DlgInfomation.obj
 0001:0000b850       ?GetMessageMap@CDlgInfomation@@MBEPBUAFX_MSGMAP@@XZ 0040c850 f   DlgInfomation.obj
 0001:0000b860       ??0CDlgInfomation@@QAE@PAVCWnd@@@Z 0040c860 f   DlgInfomation.obj
 0001:0000b8f0       ?GetThisMessageMap@CHeatBoxApp@@KGPBUAFX_MSGMAP@@XZ 0040c8f0 f   HeatBox.obj
 0001:0000b900       ??0CHeatBoxApp@@QAE@XZ     0040c900 f   HeatBox.obj
 0001:0000b920       ??1CParaDlg@@UAE@XZ        0040c920 f i HeatBox.obj
 0001:0000ba30       ??1CProductTempBar@@UAE@XZ 0040ca30 f i HeatBox.obj
 0001:0000ba40       ?GetMessageMap@CHeatBoxApp@@MBEPBUAFX_MSGMAP@@XZ 0040ca40 f   HeatBox.obj
 0001:0000ba50       ??_ECHeatBoxApp@@UAEPAXI@Z 0040ca50 f i HeatBox.obj
 0001:0000ba50       ??_GCHeatBoxApp@@UAEPAXI@Z 0040ca50 f i HeatBox.obj
 0001:0000ba70       ??1?$CArray@UMODBUS_RS485_CMD_PROGRAM@@U1@@@UAE@XZ 0040ca70 f i HeatBox.obj
 0001:0000ba90       ??1?$CArray@UMODBUS_RS485_CMD_OMRON@@U1@@@UAE@XZ 0040ca90 f i HeatBox.obj
 0001:0000bab0       ??_E?$CArray@UMODBUS_RS485_CMD_PROGRAM@@U1@@@UAEPAXI@Z 0040cab0 f i HeatBox.obj
 0001:0000bab0       ??_G?$CArray@UMODBUS_RS485_CMD_PROGRAM@@U1@@@UAEPAXI@Z 0040cab0 f i HeatBox.obj
 0001:0000bad0       ??_E?$CArray@UMODBUS_RS485_CMD_OMRON@@U1@@@UAEPAXI@Z 0040cad0 f i HeatBox.obj
 0001:0000bad0       ??_G?$CArray@UMODBUS_RS485_CMD_OMRON@@U1@@@UAEPAXI@Z 0040cad0 f i HeatBox.obj
 0001:0000baf0       ?SetSize@?$CArray@UMODBUS_RS485_CMD_PROGRAM@@U1@@@QAEXHH@Z 0040caf0 f i HeatBox.obj
 0001:0000bc50       ??$SerializeElements@UMODBUS_RS485_CMD_PROGRAM@@@@YGXAAVCArchive@@PAUMODBUS_RS485_CMD_PROGRAM@@H@Z 0040cc50 f i HeatBox.obj
 0001:0000bd00       ?SetSize@?$CArray@NN@@QAEXHH@Z 0040cd00 f i CurveDlg.obj
 0001:0000bd00       ?SetSize@?$CArray@UMODBUS_RS485_CMD_OMRON@@U1@@@QAEXHH@Z 0040cd00 f i HeatBox.obj
 0001:0000be60       ?Serialize@?$CArray@UMODBUS_RS485_CMD_PROGRAM@@U1@@@UAEXAAVCArchive@@@Z 0040ce60 f i HeatBox.obj
 0001:0000bec0       ?Serialize@?$CArray@UMODBUS_RS485_CMD_OMRON@@U1@@@UAEXAAVCArchive@@@Z 0040cec0 f i HeatBox.obj
 0001:0000bec0       ?Serialize@?$CArray@NN@@UAEXAAVCArchive@@@Z 0040cec0 f i CurveDlg.obj
 0001:0000bf20       ??1CTempParaDlg@@UAE@XZ    0040cf20 f i HeatBox.obj
 0001:0000bfb0       ??1CTakeoutDlg@@UAE@XZ     0040cfb0 f i HeatBox.obj
 0001:0000c080       ?GetBufferSetLength@?$CSimpleStringT@_W$0A@@ATL@@QAEPA_WH@Z 0040d080 f i HeatBox.obj
 0001:0000c0d0       ??1CSwitchDlg@@UAE@XZ      0040d0d0 f i HeatBox.obj
 0001:0000c200       ??1CTakeoutPage@@UAE@XZ    0040d200 f i HeatBox.obj
 0001:0000c280       ??1CHeatBoxDlg@@UAE@XZ     0040d280 f i HeatBox.obj
 0001:0000c390       ?InitInstance@CHeatBoxApp@@UAEHXZ 0040d390 f   HeatBox.obj
 0001:0000c6d0       ?OnQueryDragIcon@CHeatBoxDlg@@IAEPAUHICON__@@XZ 0040d6d0 f   HeatBoxDlg.obj
 0001:0000c6e0       ?OnVKeyToItem@CHeatBoxDlg@@IAEHIPAVCListBox@@I@Z 0040d6e0 f   HeatBoxDlg.obj
 0001:0000c6f0       ?PreTranslateMessage@CHeatBoxDlg@@UAEHPAUtagMSG@@@Z 0040d6f0 f   HeatBoxDlg.obj
 0001:0000c700       ?Hex2Char@@YAEQAE@Z        0040d700 f   HeatBoxDlg.obj
 0001:0000c770       ?RemoveAt@?$CArray@UMODBUS_RS485_CMD_500@@U1@@@QAEXHH@Z 0040d770 f i HeatBoxDlg.obj
 0001:0000c7d0       ?RemoveAt@?$CArray@UMODBUS_RS485_CMD_PROGRAM@@U1@@@QAEXHH@Z 0040d7d0 f i HeatBoxDlg.obj
 0001:0000c840       ?SetSize@?$CArray@UMODBUS_RS485_CMD_500@@U1@@@QAEXHH@Z 0040d840 f i HeatBoxDlg.obj
 0001:0000c990       ?SetAtGrow@?$CArray@UMODBUS_RS485_CMD_500@@U1@@@QAEXHUMODBUS_RS485_CMD_500@@@Z 0040d990 f i HeatBoxDlg.obj
 0001:0000ca30       ?SetAtGrow@?$CArray@UMODBUS_RS485_CMD_PROGRAM@@U1@@@QAEXHUMODBUS_RS485_CMD_PROGRAM@@@Z 0040da30 f i HeatBoxDlg.obj
 0001:0000cab0       ?SetAtGrow@?$CArray@UMODBUS_RS485_CMD_OMRON@@U1@@@QAEXHUMODBUS_RS485_CMD_OMRON@@@Z 0040dab0 f i HeatBoxDlg.obj
 0001:0000cb10       ??0CTabCtrl@@QAE@XZ        0040db10 f i HeatBoxDlg.obj
 0001:0000cb30       ??_GCTabCtrl@@UAEPAXI@Z    0040db30 f i HeatBoxDlg.obj
 0001:0000cb30       ??_ECTabCtrl@@UAEPAXI@Z    0040db30 f i HeatBoxDlg.obj
 0001:0000cb50       ?DoDataExchange@CAboutDlg@@MAEXPAVCDataExchange@@@Z 0040db50 f   HeatBoxDlg.obj
 0001:0000cc60       ?DoDataExchange@CHeatBoxDlg@@MAEXPAVCDataExchange@@@Z 0040dc60 f   HeatBoxDlg.obj
 0001:0000cd30       ?OnPaint@CHeatBoxDlg@@IAEXXZ 0040dd30 f   HeatBoxDlg.obj
 0001:0000ce00       ?OnSelchangeCombo1@CAboutDlg@@IAEXXZ 0040de00 f   HeatBoxDlg.obj
 0001:0000ce50       ?OnCtlColor@CHeatBoxDlg@@QAEPAUHBRUSH__@@PAVCDC@@PAVCWnd@@I@Z 0040de50 f   HeatBoxDlg.obj
 0001:0000ce80       ?OnCbnSelchangeComboSwitchNr@CAboutDlg@@QAEXXZ 0040de80 f   HeatBoxDlg.obj
 0001:0000cec0       ?OnCbnSelchangeComboHighHighLevelDelta@CAboutDlg@@QAEXXZ 0040dec0 f   HeatBoxDlg.obj
 0001:0000cf00       ?OnEnChangeEditCommTimer@CAboutDlg@@QAEXXZ 0040df00 f   HeatBoxDlg.obj
 0001:0000cf30       ??0?$CArray@UMODBUS_RS485_CMD_500@@U1@@@QAE@XZ 0040df30 f i HeatBoxDlg.obj
 0001:0000cf50       ?Add@?$CArray@UMODBUS_RS485_CMD_500@@U1@@@QAEHUMODBUS_RS485_CMD_500@@@Z 0040df50 f i HeatBoxDlg.obj
 0001:0000cfc0       ??1?$CArray@UMODBUS_RS485_CMD_500@@U1@@@UAE@XZ 0040dfc0 f i HeatBoxDlg.obj
 0001:0000cfe0       ??0?$CArray@UMODBUS_RS485_CMD_PROGRAM@@U1@@@QAE@XZ 0040dfe0 f i HeatBoxDlg.obj
 0001:0000d000       ?Add@?$CArray@UMODBUS_RS485_CMD_PROGRAM@@U1@@@QAEHUMODBUS_RS485_CMD_PROGRAM@@@Z 0040e000 f i HeatBoxDlg.obj
 0001:0000d070       ??0?$CArray@UMODBUS_RS485_CMD_OMRON@@U1@@@QAE@XZ 0040e070 f i HeatBoxDlg.obj
 0001:0000d090       ??_E?$CArray@UMODBUS_RS485_CMD_500@@U1@@@UAEPAXI@Z 0040e090 f i HeatBoxDlg.obj
 0001:0000d090       ??_G?$CArray@UMODBUS_RS485_CMD_500@@U1@@@UAEPAXI@Z 0040e090 f i HeatBoxDlg.obj
 0001:0000d0b0       ??$SerializeElements@UMODBUS_RS485_CMD_500@@@@YGXAAVCArchive@@PAUMODBUS_RS485_CMD_500@@H@Z 0040e0b0 f i HeatBoxDlg.obj
 0001:0000d150       ?SetCmdString@CHeatBoxDlg@@QAEXHW4COMMAND_ID@@QAD@Z 0040e150 f   HeatBoxDlg.obj
 0001:0000d290       ?SetCmdHeat@CHeatBoxDlg@@QAEX_N@Z 0040e290 f   HeatBoxDlg.obj
 0001:0000d2e0       ?SetCmdFan@CHeatBoxDlg@@QAEX_N@Z 0040e2e0 f   HeatBoxDlg.obj
 0001:0000d330       ?SetCmdAirControl@CHeatBoxDlg@@QAEX_N@Z 0040e330 f   HeatBoxDlg.obj
 0001:0000d380       ?SetCmdAirValve@CHeatBoxDlg@@QAEX_N@Z 0040e380 f   HeatBoxDlg.obj
 0001:0000d3d0       ?SetCmdString_OMRON@CHeatBoxDlg@@QAEXHW4COMMAND_ID@@QAD@Z 0040e3d0 f   HeatBoxDlg.obj
 0001:0000d440       ?Serialize@?$CArray@UMODBUS_RS485_CMD_500@@U1@@@UAEXAAVCArchive@@@Z 0040e440 f i HeatBoxDlg.obj
 0001:0000d4a0       ??1CAboutDlg@@UAE@XZ       0040e4a0 f i HeatBoxDlg.obj
 0001:0000d630       ?OnButtonSaveSn@CAboutDlg@@IAEXXZ 0040e630 f   HeatBoxDlg.obj
 0001:0000da60       ?OnButtonCrack@CAboutDlg@@IAEXXZ 0040ea60 f   HeatBoxDlg.obj
 0001:0000deb0       ?OnEnChangeEditUser@CAboutDlg@@QAEXXZ 0040eeb0 f   HeatBoxDlg.obj
 0001:0000e000       ?OnEnChangeEditDialogTiltle@CAboutDlg@@QAEXXZ 0040f000 f   HeatBoxDlg.obj
 0001:0000e0d0       ??0CHeatBoxDlg@@QAE@PAVCWnd@@@Z 0040f0d0 f   HeatBoxDlg.obj
 0001:0000e280       ??_GCHeatBoxDlg@@UAEPAXI@Z 0040f280 f i HeatBoxDlg.obj
 0001:0000e280       ??_ECHeatBoxDlg@@UAEPAXI@Z 0040f280 f i HeatBoxDlg.obj
 0001:0000e2a0       ?OnClose@CHeatBoxDlg@@IAEXXZ 0040f2a0 f   HeatBoxDlg.obj
 0001:0000e400       ?OnLButtonDblClk@CAboutDlg@@IAEXIVCPoint@@@Z 0040f400 f   HeatBoxDlg.obj
 0001:0000e500       ??HATL@@YA?AV?$CStringT@_WV?$StrTraitMFC@_WV?$ChTraitsCRT@_W@ATL@@@@@0@PB_WABV10@@Z 0040f500 f i HeatBoxDlg.obj
 0001:0000e5f0       ?SelectTab@CHeatBoxDlg@@QAEXH@Z 0040f5f0 f   HeatBoxDlg.obj
 0001:0000e920       ?ReadSwitchConfigPara@CHeatBoxDlg@@QAEXXZ 0040f920 f   HeatBoxDlg.obj
 0001:0000f790       ?InitDatabase@CHeatBoxDlg@@QAEXXZ 00410790 f   HeatBoxDlg.obj
 0001:0000f920       ?OnSelchangeTab1@CHeatBoxDlg@@IAEXPAUtagNMHDR@@PAJ@Z 00410920 f   HeatBoxDlg.obj
 0001:0000f940       ?OnSelchangeTab2@CHeatBoxDlg@@IAEXPAUtagNMHDR@@PAJ@Z 00410940 f   HeatBoxDlg.obj
 0001:0000f960       ?OnSelchangeTab3@CHeatBoxDlg@@IAEXPAUtagNMHDR@@PAJ@Z 00410960 f   HeatBoxDlg.obj
 0001:0000f980       ?OnSelchangeTab4@CHeatBoxDlg@@IAEXPAUtagNMHDR@@PAJ@Z 00410980 f   HeatBoxDlg.obj
 0001:0000f9a0       ?OnSelchangeTab5@CHeatBoxDlg@@IAEXPAUtagNMHDR@@PAJ@Z 004109a0 f   HeatBoxDlg.obj
 0001:0000f9c0       ?OnSelchangeTab6@CHeatBoxDlg@@IAEXPAUtagNMHDR@@PAJ@Z 004109c0 f   HeatBoxDlg.obj
 0001:0000f9e0       ?OnSelchangeTab7@CHeatBoxDlg@@IAEXPAUtagNMHDR@@PAJ@Z 004109e0 f   HeatBoxDlg.obj
 0001:0000fa00       ?OnSelchangeTab8@CHeatBoxDlg@@IAEXPAUtagNMHDR@@PAJ@Z 00410a00 f   HeatBoxDlg.obj
 0001:0000fa20       ?SaveSwitchConfigPara@CHeatBoxDlg@@QAEXH@Z 00410a20 f   HeatBoxDlg.obj
 0001:0000fb20       ?GetCmdString@@YA?AV?$CStringT@_WV?$StrTraitMFC@_WV?$ChTraitsCRT@_W@ATL@@@@@ATL@@E@Z 00410b20 f   HeatBoxDlg.obj
 0001:0000fc40       ??0CAboutDlg@@QAE@XZ       00410c40 f   HeatBoxDlg.obj
 0001:0000feb0       ??_ECAboutDlg@@UAEPAXI@Z   00410eb0 f i HeatBoxDlg.obj
 0001:0000feb0       ??_GCAboutDlg@@UAEPAXI@Z   00410eb0 f i HeatBoxDlg.obj
 0001:0000fed0       ?HeatPercentOutput@@YAXXZ  00410ed0 f   HeatBoxDlg.obj
 0001:0000ff50       ?OnInitDialog@CHeatBoxDlg@@MAEHXZ 00410f50 f   HeatBoxDlg.obj
 0001:00010530       ?OnSysCommand@CHeatBoxDlg@@IAEXIJ@Z 00411530 f   HeatBoxDlg.obj
 0001:000105d0       ?TempCmd_500@CHeatBoxDlg@@QAEXW4COMMAND_ID@@PAD@Z 004115d0 f   HeatBoxDlg.obj
 0001:000110b0       ?OnComm@CHeatBoxDlg@@QAEJIJ@Z 004120b0 f   HeatBoxDlg.obj
 0001:00011d50       ?OnHelpInfo@CHeatBoxDlg@@IAEHPAUtagHELPINFO@@@Z 00412d50 f   HeatBoxDlg.obj
 0001:00011df0       ?Hex2Bin@CHeatBoxDlg@@QAEHV?$CStringT@_WV?$StrTraitMFC@_WV?$ChTraitsCRT@_W@ATL@@@@@ATL@@PADH@Z 00412df0 f   HeatBoxDlg.obj
 0001:00012080       ?OnBnClickedButtonLastVersion@CAboutDlg@@QAEXXZ 00413080 f   HeatBoxDlg.obj
 0001:000120d0       ?Format@CTime@ATL@@QBE?AV?$CStringT@_WV?$StrTraitMFC@_WV?$ChTraitsCRT@_W@ATL@@@@@2@PB_W@Z 004130d0 f i HeatBoxDlg.obj
 0001:00012160       ?GetThisMessageMap@CAboutDlg@@KGPBUAFX_MSGMAP@@XZ 00413160 f   HeatBoxDlg.obj
 0001:00012170       ?TempCmd@CHeatBoxDlg@@QAEXW4COMMAND_ID@@PAD@Z 00413170 f   HeatBoxDlg.obj
 0001:00012180       ?OnTimer@CHeatBoxDlg@@IAEXI@Z 00413180 f   HeatBoxDlg.obj
 0001:00012410       ?OnInitDialog@CAboutDlg@@MAEHXZ 00413410 f   HeatBoxDlg.obj
 0001:00012fa0       ?XModem_Start@CHeatBoxDlg@@QAEXE@Z 00413fa0 f   HeatBoxDlg.obj
 0001:000132d0       ?GetMessageMap@CAboutDlg@@MBEPBUAFX_MSGMAP@@XZ 004142d0 f   HeatBoxDlg.obj
 0001:000132e0       ?GetThisMessageMap@CHeatBoxDlg@@KGPBUAFX_MSGMAP@@XZ 004142e0 f   HeatBoxDlg.obj
 0001:000132f0       ?GetMessageMap@CHeatBoxDlg@@MBEPBUAFX_MSGMAP@@XZ 004142f0 f   HeatBoxDlg.obj
 0001:00013300       ?DoDataExchange@CInputDlg@@MAEXPAVCDataExchange@@@Z 00414300 f   InputDlg.obj
 0001:00013320       ?OnInitDialog@CInputDlg@@MAEHXZ 00414320 f   InputDlg.obj
 0001:00013340       ?OnButtonClear@CInputDlg@@IAEXXZ 00414340 f   InputDlg.obj
 0001:00013360       ??0?$CStringT@_WV?$StrTraitMFC@_WV?$ChTraitsCRT@_W@ATL@@@@@ATL@@QAE@PBDPAUIAtlStringMgr@1@@Z 00414360 f i InputDlg.obj
 0001:00013400       ?OnOK@CInputDlg@@MAEXXZ    00414400 f   InputDlg.obj
 0001:00013430       ?OnBnClickedOk@CInputDlg@@QAEXXZ 00414430 f   InputDlg.obj
 0001:00013480       ?OnBnClickedButtonPlusMinus@CInputDlg@@QAEXXZ 00414480 f   InputDlg.obj
 0001:000135e0       ??0CInputDlg@@QAE@PAVCWnd@@@Z 004145e0 f   InputDlg.obj
 0001:000136b0       ??_GCInputDlg@@UAEPAXI@Z   004146b0 f i InputDlg.obj
 0001:000136b0       ??_ECInputDlg@@UAEPAXI@Z   004146b0 f i InputDlg.obj
 0001:00013760       ??Y?$CStringT@_WV?$StrTraitMFC@_WV?$ChTraitsCRT@_W@ATL@@@@@ATL@@QAEAAV01@PBD@Z 00414760 f i InputDlg.obj
 0001:00013810       ?OnButton1@CInputDlg@@IAEXXZ 00414810 f   InputDlg.obj
 0001:00013830       ?OnButton2@CInputDlg@@IAEXXZ 00414830 f   InputDlg.obj
 0001:00013850       ?OnButton3@CInputDlg@@IAEXXZ 00414850 f   InputDlg.obj
 0001:00013870       ?OnButton4@CInputDlg@@IAEXXZ 00414870 f   InputDlg.obj
 0001:00013890       ?OnButton5@CInputDlg@@IAEXXZ 00414890 f   InputDlg.obj
 0001:000138b0       ?OnButton6@CInputDlg@@IAEXXZ 004148b0 f   InputDlg.obj
 0001:000138d0       ?OnButton7@CInputDlg@@IAEXXZ 004148d0 f   InputDlg.obj
 0001:000138f0       ?OnButton8@CInputDlg@@IAEXXZ 004148f0 f   InputDlg.obj
 0001:00013910       ?OnButton9@CInputDlg@@IAEXXZ 00414910 f   InputDlg.obj
 0001:00013930       ?OnButton0@CInputDlg@@IAEXXZ 00414930 f   InputDlg.obj
 0001:00013950       ?OnButtonDot@CInputDlg@@IAEXXZ 00414950 f   InputDlg.obj
 0001:00013970       ?GetThisMessageMap@CInputDlg@@KGPBUAFX_MSGMAP@@XZ 00414970 f   InputDlg.obj
 0001:00013980       ?GetMessageMap@CInputDlg@@MBEPBUAFX_MSGMAP@@XZ 00414980 f   InputDlg.obj
 0001:00013990       ?OnOK@CInputPidTempDlg@@MAEXXZ 00414990 f   InputPidTempDlg.obj
 0001:00013990       ?OnOK@CInputGlassTempDlg@@MAEXXZ 00414990 f   InputGlassTempDlg.obj
 0001:000139b0       ?OnEnSetfocusEditGlass2@CInputGlassTempDlg@@QAEXXZ 004149b0 f   InputGlassTempDlg.obj
 0001:000139c0       ?OnEnSetfocusEditGlass1@CInputGlassTempDlg@@QAEXXZ 004149c0 f   InputGlassTempDlg.obj
 0001:000139d0       ?OnEnSetfocusEditGlass3@CInputGlassTempDlg@@QAEXXZ 004149d0 f   InputGlassTempDlg.obj
 0001:000139e0       ?OnEnSetfocusEditGlass4@CInputGlassTempDlg@@QAEXXZ 004149e0 f   InputGlassTempDlg.obj
 0001:000139f0       ?DoDataExchange@CInputGlassTempDlg@@MAEXPAVCDataExchange@@@Z 004149f0 f   InputGlassTempDlg.obj
 0001:00013a90       ?OnInitDialog@CInputGlassTempDlg@@UAEHXZ 00414a90 f   InputGlassTempDlg.obj
 0001:00013ab0       ??0CInputGlassTempDlg@@QAE@PAVCWnd@@@Z 00414ab0 f   InputGlassTempDlg.obj
 0001:00013ca0       ??_ECInputGlassTempDlg@@UAEPAXI@Z 00414ca0 f i InputGlassTempDlg.obj
 0001:00013ca0       ??_GCInputGlassTempDlg@@UAEPAXI@Z 00414ca0 f i InputGlassTempDlg.obj
 0001:00013cc0       ?OnBnClickedButtonClear@CInputGlassTempDlg@@QAEXXZ 00414cc0 f   InputGlassTempDlg.obj
 0001:00013d10       ?OnBnClickedOk@CInputGlassTempDlg@@QAEXXZ 00414d10 f   InputGlassTempDlg.obj
 0001:00013e40       ?OnBnClickedButton0_9@CInputGlassTempDlg@@QAEXV?$CStringT@_WV?$StrTraitMFC@_WV?$ChTraitsCRT@_W@ATL@@@@@ATL@@@Z 00414e40 f   InputGlassTempDlg.obj
 0001:00013f00       ?OnBnClickedButton1@CInputGlassTempDlg@@QAEXXZ 00414f00 f   InputGlassTempDlg.obj
 0001:00013f20       ?OnBnClickedButton2@CInputGlassTempDlg@@QAEXXZ 00414f20 f   InputGlassTempDlg.obj
 0001:00013f40       ?OnBnClickedButton3@CInputGlassTempDlg@@QAEXXZ 00414f40 f   InputGlassTempDlg.obj
 0001:00013f60       ?OnBnClickedButton4@CInputGlassTempDlg@@QAEXXZ 00414f60 f   InputGlassTempDlg.obj
 0001:00013f80       ?OnBnClickedButton5@CInputGlassTempDlg@@QAEXXZ 00414f80 f   InputGlassTempDlg.obj
 0001:00013fa0       ?OnBnClickedButton6@CInputGlassTempDlg@@QAEXXZ 00414fa0 f   InputGlassTempDlg.obj
 0001:00013fc0       ?OnBnClickedButton7@CInputGlassTempDlg@@QAEXXZ 00414fc0 f   InputGlassTempDlg.obj
 0001:00013fe0       ?OnBnClickedButton8@CInputGlassTempDlg@@QAEXXZ 00414fe0 f   InputGlassTempDlg.obj
 0001:00014000       ?OnBnClickedButton9@CInputGlassTempDlg@@QAEXXZ 00415000 f   InputGlassTempDlg.obj
 0001:00014020       ?OnBnClickedButton0@CInputGlassTempDlg@@QAEXXZ 00415020 f   InputGlassTempDlg.obj
 0001:00014040       ?OnBnClickedButtonDot@CInputGlassTempDlg@@QAEXXZ 00415040 f   InputGlassTempDlg.obj
 0001:00014060       ?GetThisMessageMap@CInputGlassTempDlg@@KGPBUAFX_MSGMAP@@XZ 00415060 f   InputGlassTempDlg.obj
 0001:00014070       ?GetMessageMap@CInputGlassTempDlg@@MBEPBUAFX_MSGMAP@@XZ 00415070 f   InputGlassTempDlg.obj
 0001:00014080       ?DoDataExchange@CInputPidTempDlg@@MAEXPAVCDataExchange@@@Z 00415080 f   InputPidTempDlg.obj
 0001:000140a0       ?OnCreate@CInputPidTempDlg@@IAEHPAUtagCREATESTRUCTW@@@Z 004150a0 f   InputPidTempDlg.obj
 0001:000140d0       ?GetThisMessageMap@CInputPidTempDlg@@KGPBUAFX_MSGMAP@@XZ 004150d0 f   InputPidTempDlg.obj
 0001:000140e0       ??0CInputPidTempDlg@@QAE@PAVCWnd@@@Z 004150e0 f   InputPidTempDlg.obj
 0001:00014130       ?GetMessageMap@CInputPidTempDlg@@MBEPBUAFX_MSGMAP@@XZ 00415130 f   InputPidTempDlg.obj
 0001:00014140       ??_ECInputPidTempDlg@@UAEPAXI@Z 00415140 f i InputPidTempDlg.obj
 0001:00014140       ??_GCInputPidTempDlg@@UAEPAXI@Z 00415140 f i InputPidTempDlg.obj
 0001:000141d0       ?ShowCloseLevelEdit@CParaDlg@@QAEXXZ 004151d0 f   ParaDlg.obj
 0001:00014260       ?OnCbnSetfocusComboHeatSpeed@CParaDlg@@QAEXXZ 00415260 f   ParaDlg.obj
 0001:00014260       ?OnEnSetfocusEditMainLevel2@CParaDlg@@QAEXXZ 00415260 f   ParaDlg.obj
 0001:00014270       ??_GCButton@@UAEPAXI@Z     00415270 f i ParaDlg.obj
 0001:00014270       ??_ECButton@@UAEPAXI@Z     00415270 f i ParaDlg.obj
 0001:00014290       ?DoDataExchange@CParaDlg@@MAEXPAVCDataExchange@@@Z 00415290 f   ParaDlg.obj
 0001:00014600       ?OnSelchangeComboCurMaxHeatBox@CParaDlg@@IAEXXZ 00415600 f   ParaDlg.obj
 0001:00014650       ?OnCbnSelchangeComboCoolDegree@CParaDlg@@QAEXXZ 00415650 f   ParaDlg.obj
 0001:00014690       ??0CParaDlg@@QAE@PAVCWnd@@@Z 00415690 f   ParaDlg.obj
 0001:00014900       ??_GCParaDlg@@UAEPAXI@Z    00415900 f i ParaDlg.obj
 0001:00014900       ??_ECParaDlg@@UAEPAXI@Z    00415900 f i ParaDlg.obj
 0001:00014920       ?TraverseFolder@@YAXPB_W0PAVCStringArray@@@Z 00415920 f   ParaDlg.obj
 0001:00014ac0       ?OnSelchangeComboHeatSpeed@CParaDlg@@IAEXXZ 00415ac0 f   ParaDlg.obj
 0001:00014bd0       ?OnEditchangeComboTestMode@CParaDlg@@IAEXXZ 00415bd0 f   ParaDlg.obj
 0001:00014cd0       ?OnSelchangeComboTestMode@CParaDlg@@IAEXXZ 00415cd0 f   ParaDlg.obj
 0001:00014e70       ?OnChangeEditHeatDegree@CParaDlg@@IAEXXZ 00415e70 f   ParaDlg.obj
 0001:00014fd0       ?OnChangeEditCoolDegree@CParaDlg@@IAEXXZ 00415fd0 f   ParaDlg.obj
 0001:00015130       ?OnCbnSelchangeComboParaName@CParaDlg@@QAEXXZ 00416130 f   ParaDlg.obj
 0001:000152b0       ?OnCbnSelchangeComboHeatBoxType@CParaDlg@@QAEXXZ 004162b0 f   ParaDlg.obj
 0001:000153a0       ?OnCbnSelchangeComboDisplayTempType@CParaDlg@@QAEXXZ 004163a0 f   ParaDlg.obj
 0001:00015480       ?OnCbnSelchangeComboEndTestDoorStatus@CParaDlg@@QAEXXZ 00416480 f   ParaDlg.obj
 0001:00015560       ?OnEnChangeEditContinueTestCount@CParaDlg@@QAEXXZ 00416560 f   ParaDlg.obj
 0001:000156a0       ?OnBnClickedCheckStopTestType@CParaDlg@@QAEXXZ 004166a0 f   ParaDlg.obj
 0001:000157d0       ?OnCbnSelchangeComboCoolSpeed@CParaDlg@@QAEXXZ 004167d0 f   ParaDlg.obj
 0001:000158e0       ?OnInitDialog@CParaDlg@@MAEHXZ 004168e0 f   ParaDlg.obj
 0001:00015d70       ?UpdateModifyPara@CParaDlg@@QAEXXZ 00416d70 f   ParaDlg.obj
 0001:00016050       ?OnButtonCreateModifyPara@CParaDlg@@IAEXXZ 00417050 f   ParaDlg.obj
 0001:00016110       ?OnBnClickedButtonTempAdjust@CParaDlg@@QAEXXZ 00417110 f   ParaDlg.obj
 0001:000165b0       ?OnEnSetfocusEditPidMinutes@CParaDlg@@QAEXXZ 004175b0 f   ParaDlg.obj
 0001:00016750       ?OnEnSetfocusEditContinueTestCount@CParaDlg@@QAEXXZ 00417750 f   ParaDlg.obj
 0001:00016920       ?OnBnClickedCheckStopTestType2@CParaDlg@@QAEXXZ 00417920 f   ParaDlg.obj
 0001:00016a40       ?GetThisMessageMap@CParaDlg@@KGPBUAFX_MSGMAP@@XZ 00417a40 f   ParaDlg.obj
 0001:00016a50       ?GetMessageMap@CParaDlg@@MBEPBUAFX_MSGMAP@@XZ 00417a50 f   ParaDlg.obj
 0001:00016a60       ?CreateBitmapInfoStruct@@YAPAUtagBITMAPINFO@@PAUHWND__@@PAUHBITMAP__@@@Z 00417a60 f   ProductTempBar.obj
 0001:00016b70       ?OnPaint@CProductTempBar@@QAEXXZ 00417b70 f   ProductTempBar.obj
 0001:00016ba0       ?OnInitDialog@CProductTempBar@@UAEHXZ 00417ba0 f   ProductTempBar.obj
 0001:00016bc0       ?FillRect@CDC@@QAEXPBUtagRECT@@PAVCBrush@@@Z 00417bc0 f i ProductTempBar.obj
 0001:00016c00       ??_ECCommonDialog@@UAEPAXI@Z 00417c00 f i ProductTempBar.obj
 0001:00016c00       ??_GCCommonDialog@@UAEPAXI@Z 00417c00 f i ProductTempBar.obj
 0001:00016c30       ?CreateBMPFile@@YAHPAUHWND__@@PA_WPAUHBITMAP__@@PAUHDC__@@@Z 00417c30 f   ProductTempBar.obj
 0001:00016da0       ??0CProductTempBar@@QAE@PAVCWnd@@@Z 00417da0 f   ProductTempBar.obj
 0001:00016df0       ??_ECProductTempBar@@UAEPAXI@Z 00417df0 f i ProductTempBar.obj
 0001:00016df0       ??_GCProductTempBar@@UAEPAXI@Z 00417df0 f i ProductTempBar.obj
 0001:00016e10       ?Serialize@CObject@@UAEXAAVCArchive@@@Z 00417e10 f   AdjustWizardDlg.obj
 0001:00016e10       ?DoDataExchange@CProductTempBar@@MAEXPAVCDataExchange@@@Z 00417e10 f   ProductTempBar.obj
 0001:00016e10       ?DoDataExchange@CWnd@@MAEXPAVCDataExchange@@@Z 00417e10 f   AdjustWizardDlg.obj
 0001:00016e10       ?DoDataExchange@CTempAdjustDlg@@MAEXPAVCDataExchange@@@Z 00417e10 f   TempAdjustDlg.obj
 0001:00016e10       ?DoDataExchange@CPrnPreview@@MAEXPAVCDataExchange@@@Z 00417e10 f   RecordPrintPriew.obj
 0001:00016e20       ??1CPrintDialog@@UAE@XZ    00417e20 f i ProductTempBar.obj
 0001:00016e20       ??1CCommonDialog@@UAE@XZ   00417e20 f i ProductTempBar.obj
 0001:00016e30       ??1CFont@@UAE@XZ           00417e30 f i ProductTempBar.obj
 0001:00016e40       ??_ECFont@@UAEPAXI@Z       00417e40 f i ProductTempBar.obj
 0001:00016e40       ??_GCFont@@UAEPAXI@Z       00417e40 f i ProductTempBar.obj
 0001:00016e70       ?OnExportChart@@YAXV?$CStringT@_WV?$StrTraitMFC@_WV?$ChTraitsCRT@_W@ATL@@@@@ATL@@PAVCDC@@VCTime@2@PAVCWnd@@VCRect@@@Z 00417e70 f   ProductTempBar.obj
 0001:000173b0       ?DrawTempFlat@@YAXPAVCDC@@PAUSWITCH_TEST_RESULT@@PAUSWITCH_CONFIG_PARA@@VCRect@@VCTime@ATL@@_N@Z 004183b0 f   ProductTempBar.obj
 0001:00018350       ?OnRadioOpenTemp@CProductTempBar@@QAEXXZ 00419350 f   ProductTempBar.obj
 0001:00018410       ?OnRadioCloseTemp@CProductTempBar@@IAEXXZ 00419410 f   ProductTempBar.obj
 0001:000184d0       ?OnShowWindow@CProductTempBar@@IAEXHI@Z 004194d0 f   ProductTempBar.obj
 0001:000184f0       ?OnBnClickedButtonPrint@CProductTempBar@@QAEXXZ 004194f0 f   ProductTempBar.obj
 0001:00018990       ?OnLButtonDblClk@CProductTempBar@@QAEXIVCPoint@@@Z 00419990 f   ProductTempBar.obj
 0001:00018a80       ?GetThisMessageMap@CProductTempBar@@KGPBUAFX_MSGMAP@@XZ 00419a80 f   ProductTempBar.obj
 0001:00018a90       ?GetMessageMap@CProductTempBar@@MBEPBUAFX_MSGMAP@@XZ 00419a90 f   ProductTempBar.obj
 0001:00018aa0       ?OnInitDialog@CPrnPreview@@MAEHXZ 00419aa0 f   RecordPrintPriew.obj
 0001:00018ad0       ??0CPrnPreview@@QAE@PAVCWnd@@@Z 00419ad0 f   RecordPrintPriew.obj
 0001:00018bd0       ??1CPrnPreview@@UAE@XZ     00419bd0 f i RecordPrintPriew.obj
 0001:00018c80       ??_ECPrnPreview@@UAEPAXI@Z 00419c80 f i RecordPrintPriew.obj
 0001:00018c80       ??_GCPrnPreview@@UAEPAXI@Z 00419c80 f i RecordPrintPriew.obj
 0001:00018ca0       ?DisplayPrnView@CPrnPreview@@QAEXXZ 00419ca0 f   RecordPrintPriew.obj
 0001:00019330       ?OnPaint@CPrnPreview@@IAEXXZ 0041a330 f   RecordPrintPriew.obj
 0001:000193b0       ?OnVScroll@CPrnPreview@@IAEXIIPAVCScrollBar@@@Z 0041a3b0 f   RecordPrintPriew.obj
 0001:00019430       ?OnButtonNext@CPrnPreview@@IAEXXZ 0041a430 f   RecordPrintPriew.obj
 0001:00019460       ?GetThisMessageMap@CPrnPreview@@KGPBUAFX_MSGMAP@@XZ 0041a460 f   RecordPrintPriew.obj
 0001:00019470       ?GetMessageMap@CPrnPreview@@MBEPBUAFX_MSGMAP@@XZ 0041a470 f   RecordPrintPriew.obj
 0001:00019480       ?OnLvnItemchangedListRecordTime@CRecordViewDlg@@QAEXPAUtagNMHDR@@PAJ@Z 0041a480 f   RecordViewDlg.obj
 0001:00019490       ??$swprintf_s@$0DOI@@@YAHAAY0DOI@_WPB_WZZ 0041a490 f i RecordViewDlg.obj
 0001:000194b0       ??$sprintf_s@$0DOI@@@YAHAAY0DOI@DPBDZZ 0041a4b0 f i RecordViewDlg.obj
 0001:000194d0       ?DoDataExchange@CRecordViewDlg@@MAEXPAVCDataExchange@@@Z 0041a4d0 f   RecordViewDlg.obj
 0001:00019550       ?OnClose@CRecordViewDlg@@IAEXXZ 0041a550 f   RecordViewDlg.obj
 0001:00019560       ?SortRecord@CRecordViewDlg@@QAEXXZ 0041a560 f   RecordViewDlg.obj
 0001:00019700       ?OnCbnSelchangeComboPrintType@CRecordViewDlg@@QAEXXZ 0041a700 f   RecordViewDlg.obj
 0001:00019750       ?TongJi@@YAXPAN00000PAH1USWITCH_CONFIG_PARA@@PAUSWITCH_TEST_RESULT_EX@@HW4HEAT_BOX_TYPE@@@Z 0041a750 f   RecordViewDlg.obj
 0001:00019a30       ?OnButtonTempBar@CRecordViewDlg@@IAEXXZ 0041aa30 f   RecordViewDlg.obj
 0001:00019bb0       ?TongJi@CRecordViewDlg@@AAEXPAM00000PAH1@Z 0041abb0 f   RecordViewDlg.obj
 0001:00019ee0       ??0CRecordViewDlg@@QAE@PAVCWnd@@@Z 0041aee0 f   RecordViewDlg.obj
 0001:0001a0b0       ??_GCRecordViewDlg@@UAEPAXI@Z 0041b0b0 f i RecordViewDlg.obj
 0001:0001a0b0       ??_ECRecordViewDlg@@UAEPAXI@Z 0041b0b0 f i RecordViewDlg.obj
 0001:0001a0d0       ?UpdateListCtrlRecordTime@CRecordViewDlg@@QAEX_N@Z 0041b0d0 f   RecordViewDlg.obj
 0001:0001ac20       ?OnSelchangeMonthcalendar1@CRecordViewDlg@@IAEXPAUtagNMHDR@@PAJ@Z 0041bc20 f   RecordViewDlg.obj
 0001:0001ac50       ?OnBnClickedButtonTakedlg@CRecordViewDlg@@QAEXXZ 0041bc50 f   RecordViewDlg.obj
 0001:0001adb0       ?PrintReport@@YAXPAVCDC@@V?$CStringT@_WV?$StrTraitMFC@_WV?$ChTraitsCRT@_W@ATL@@@@@ATL@@HVCTime@3@2111USWITCH_CONFIG_PARA@@PAUSWITCH_TEST_RESULT_EX@@HHHW4HEAT_BOX_TYPE@@@Z 0041bdb0 f   RecordViewDlg.obj
 0001:0001bf50       ?OnInitDialog@CRecordViewDlg@@MAEHXZ 0041cf50 f   RecordViewDlg.obj
 0001:0001c230       ?UpdateRecordDetail@CRecordViewDlg@@QAEXV?$CStringT@_WV?$StrTraitMFC@_WV?$ChTraitsCRT@_W@ATL@@@@@ATL@@0@Z 0041d230 f   RecordViewDlg.obj
 0001:0001d1e0       ?FindRecordDetail@CRecordViewDlg@@QAEXV?$CStringT@_WV?$StrTraitMFC@_WV?$ChTraitsCRT@_W@ATL@@@@@ATL@@0@Z 0041e1e0 f   RecordViewDlg.obj
 0001:0001d990       ?OnButtonPrn@CRecordViewDlg@@IAEXXZ 0041e990 f   RecordViewDlg.obj
 0001:0001e010       ?OnButtonPrnPreview@CRecordViewDlg@@IAEXXZ 0041f010 f   RecordViewDlg.obj
 0001:0001e2e0       ?OnButtonSaveas@CRecordViewDlg@@IAEXXZ 0041f2e0 f   RecordViewDlg.obj
 0001:0001f020       ?OnBnClickedButtonSaveas2@CRecordViewDlg@@QAEXXZ 00420020 f   RecordViewDlg.obj
 0001:0001f760       ?OnCbnSelchangeComboSortType@CRecordViewDlg@@QAEXXZ 00420760 f   RecordViewDlg.obj
 0001:0001f880       ?OnDblclkListRecordTime@CRecordViewDlg@@IAEXPAUtagNMHDR@@PAJ@Z 00420880 f   RecordViewDlg.obj
 0001:0001f9f0       ?GetThisMessageMap@CRecordViewDlg@@KGPBUAFX_MSGMAP@@XZ 004209f0 f   RecordViewDlg.obj
 0001:0001fa00       ?GetMessageMap@CRecordViewDlg@@MBEPBUAFX_MSGMAP@@XZ 00420a00 f   RecordViewDlg.obj
 0001:0001fa10       ?OnChangeEditYear@CParaDlg@@IAEXXZ 00420a10 f   ParaDlg.obj
 0001:0001fa10       ?OnCheckHighVolt@CSwitchDlg@@IAEXXZ 00420a10 f   SwitchDlg.obj
 0001:0001fa20       ?DefWindowProcW@CSwitchDlg@@MAEJIIJ@Z 00420a20 f   SwitchDlg.obj
 0001:0001fa20       ?DefWindowProcW@CParaDlg@@MAEJIIJ@Z 00420a20 f   ParaDlg.obj
 0001:0001fa30       ?IsAllOpened@CSwitchDlg@@QAE_NXZ 00420a30 f   SwitchDlg.obj
 0001:0001fa60       ?IsAllClosed@CSwitchDlg@@QAE_NXZ 00420a60 f   SwitchDlg.obj
 0001:0001fad0       ?GetLowestCloseTemp@CSwitchDlg@@QAENXZ 00420ad0 f   SwitchDlg.obj
 0001:0001fc00       ?GetHighestCloseTemp@CSwitchDlg@@QAEHXZ 00420c00 f   SwitchDlg.obj
 0001:0001fc80       ?CheckHeatOrCoolMode@@YA?AW4HEAT_COOL_ORDER@@USWITCH_CONFIG_PARA@@PAUCONTROL_TEMP_RANGE@@@Z 00420c80 f   SwitchDlg.obj
 0001:0001fec0       ?GetControlGoalTemp@CSwitchDlg@@QAENW4AUTO_TEST_STEP@@@Z 00420ec0 f   SwitchDlg.obj
 0001:00020070       ?GetMinutes@CTimeSpan@ATL@@QBEJXZ 00421070 f i SwitchDlg.obj
 0001:000200b0       ??0CRect@@QAE@ABUtagRECT@@@Z 004210b0 f i SwitchDlg.obj
 0001:000200d0       ?GetRecordTime@@YA?AVCTime@ATL@@J@Z 004210d0 f   SwitchDlg.obj
 0001:00020100       ?GetSpanSeconds@@YAJVCTime@ATL@@@Z 00421100 f   SwitchDlg.obj
 0001:00020110       ?DoDataExchange@CSwitchDlg@@MAEXPAVCDataExchange@@@Z 00421110 f   SwitchDlg.obj
 0001:000201c0       ?OnShowWindow@CInputPidTempDlg@@IAEXHI@Z 004211c0 f   InputPidTempDlg.obj
 0001:000201c0       ?OnShowWindow@CSwitchDlg@@IAEXHI@Z 004211c0 f   SwitchDlg.obj
 0001:000201d0       ?OnSetCursor@CTakeoutDlg@@IAEHPAVCWnd@@II@Z 004211d0 f   TakeDlg.obj
 0001:000201d0       ?OnSize@CSwitchDlg@@IAEXIHH@Z 004211d0 f   SwitchDlg.obj
 0001:000201d0       ?OnKeyDown@CHeatBoxDlg@@IAEXIII@Z 004211d0 f   HeatBoxDlg.obj
 0001:000201d0       ?OnKeyDown@CAboutDlg@@IAEXIII@Z 004211d0 f   HeatBoxDlg.obj
 0001:000201d0       ?OnSize@CTakeoutDlg@@IAEXIHH@Z 004211d0 f   TakeDlg.obj
 0001:000201d0       ?OnSetCursor@CSwitchDlg@@IAEHPAVCWnd@@II@Z 004211d0 f   SwitchDlg.obj
 0001:000201d0       ?OnRButtonDblClk@CDebugDlg@@IAEXIVCPoint@@@Z 004211d0 f   DebugDlg.obj
 0001:000201d0       ?OnSize@CDebugDlg@@QAEXIHH@Z 004211d0 f   DebugDlg.obj
 0001:000201d0       ?OnSize@CWnd@@IAEXIHH@Z    004211d0 f   ColorListCtrl.obj
 0001:000201d0       ?OnKeyDown@CDebugDlg@@IAEXIII@Z 004211d0 f   DebugDlg.obj
 0001:000201d0       ?OnSize@CCurveDlg@@IAEXIHH@Z 004211d0 f   CurveDlg.obj
 0001:000201d0       ?OnLButtonDblClk@CSwitchDlg@@IAEXIVCPoint@@@Z 004211d0 f   SwitchDlg.obj
 0001:000201e0       ?SendDirectHeatCmd@CSwitchDlg@@QAEXM@Z 004211e0 f   SwitchDlg.obj
 0001:000202a0       ?SendStepPidHeatCmd@CSwitchDlg@@QAEXXZ 004212a0 f   SwitchDlg.obj
 0001:000203c0       ?SendStepPIDCoolCmd@CSwitchDlg@@QAEXXZ 004213c0 f   SwitchDlg.obj
 0001:000204d0       ?OnCtlColor@CSwitchDlg@@QAEPAUHBRUSH__@@PAVCDC@@PAVCWnd@@I@Z 004214d0 f   SwitchDlg.obj
 0001:000205d0       ?OnBnClickedCheckNextPage@CSwitchDlg@@QAEXXZ 004215d0 f   SwitchDlg.obj
 0001:00020600       ?OnEnChangeEditOpenTempLow@CSwitchDlg@@QAEXXZ 00421600 f   SwitchDlg.obj
 0001:00020680       ?OnEnChangeEditOpenTempHigh@CSwitchDlg@@QAEXXZ 00421680 f   SwitchDlg.obj
 0001:00020700       ?OnEnChangeEditCloseTempLow@CSwitchDlg@@QAEXXZ 00421700 f   SwitchDlg.obj
 0001:00020780       ?OnEnChangeEditCloseTempHigh@CSwitchDlg@@QAEXXZ 00421780 f   SwitchDlg.obj
 0001:00020800       ?DealStatusNormalClose@CSwitchDlg@@QAEXPAUSWITCH_TEST_RESULT@@_N@Z 00421800 f   SwitchDlg.obj
 0001:000209a0       ?DealStatusNormalOpen@CSwitchDlg@@QAEXPAUSWITCH_TEST_RESULT@@_N@Z 004219a0 f   SwitchDlg.obj
 0001:00020b10       ?OnBnClickedButtonRecord@CSwitchDlg@@QAEXXZ 00421b10 f   SwitchDlg.obj
 0001:00020ba0       ?AutoTestStep_DirectHeat@CSwitchDlg@@QAEXXZ 00421ba0 f   SwitchDlg.obj
 0001:00020c80       ?AuotTestStep_NormalPID@CSwitchDlg@@QAEXXZ 00421c80 f   SwitchDlg.obj
 0001:00020e90       ?AutoTestCoolStep_DriectCool@CSwitchDlg@@QAEXXZ 00421e90 f   SwitchDlg.obj
 0001:00020f60       ?AutoTestCoolStep_PidCool@CSwitchDlg@@QAEXXZ 00421f60 f   SwitchDlg.obj
 0001:000210b0       ?AutoTestCoolStep_DirectHeat@CSwitchDlg@@QAEXXZ 004220b0 f   SwitchDlg.obj
 0001:000211c0       ?AutoTestCoolStep_PidHeat@CSwitchDlg@@QAEXXZ 004221c0 f   SwitchDlg.obj
 0001:00021350       ?AutoTestCoolStep_StepCool@CSwitchDlg@@QAEXXZ 00422350 f   SwitchDlg.obj
 0001:000214c0       ?OnRadioClose@CSwitchDlg@@IAEXXZ 004224c0 f   SwitchDlg.obj
 0001:000215a0       ?OnRadioOpen@CSwitchDlg@@IAEXXZ 004225a0 f   SwitchDlg.obj
 0001:000216a0       ?OpenDoor_For_OpenFlashTest@CSwitchDlg@@QAEXXZ 004226a0 f   SwitchDlg.obj
 0001:000218b0       ?OpenDoor_For_CloseFlashTest@CSwitchDlg@@QAEXXZ 004228b0 f   SwitchDlg.obj
 0001:00021ad0       ?SaveTestRecord_Hex@CSwitchDlg@@QAEXXZ 00422ad0 f   SwitchDlg.obj
 0001:00022320       ??0CSwitchDlg@@QAE@PAVCWnd@@@Z 00423320 f   SwitchDlg.obj
 0001:000226f0       ??_GCSwitchDlg@@UAEPAXI@Z  004236f0 f i SwitchDlg.obj
 0001:000226f0       ??_ECSwitchDlg@@UAEPAXI@Z  004236f0 f i SwitchDlg.obj
 0001:00022710       ?OnInitDialog@CSwitchDlg@@MAEHXZ 00423710 f   SwitchDlg.obj
 0001:00022bc0       ?OnButtonTakeout@CSwitchDlg@@IAEXXZ 00423bc0 f   SwitchDlg.obj
 0001:00022e00       ?EnterAutoTest@CSwitchDlg@@AAEXXZ 00423e00 f   SwitchDlg.obj
 0001:00022fd0       ?EnterAutoTest_COOL_FIRST@CSwitchDlg@@AAEXXZ 00423fd0 f   SwitchDlg.obj
 0001:00023180       ?SaveExcel@CSwitchDlg@@QAEXXZ 00424180 f   SwitchDlg.obj
 0001:00023cb0       ?SaveTestRecord@CSwitchDlg@@QAEXXZ 00424cb0 f   SwitchDlg.obj
 0001:00023cc0       ?OnStart@CSwitchDlg@@IAEXXZ 00424cc0 f   SwitchDlg.obj
 0001:000245f0       ?ShowTestResult_HeYang@CSwitchDlg@@QAEXXZ 004255f0 f   SwitchDlg.obj
 0001:00025340       ?OnBnClickedButtonPrint@CSwitchDlg@@QAEXXZ 00426340 f   SwitchDlg.obj
 0001:00025ad0       ?DrawLED@CSwitchDlg@@QAEXXZ 00426ad0 f   SwitchDlg.obj
 0001:00025b30       ?OnPaint@CSwitchDlg@@IAEXXZ 00426b30 f   SwitchDlg.obj
 0001:00025bb0       ?DealCmdAnswer@CSwitchDlg@@QAEXPADPAE_ND@Z 00426bb0 f   SwitchDlg.obj
 0001:00025df0       ?ExitAutoTest@CSwitchDlg@@AAEXXZ 00426df0 f   SwitchDlg.obj
 0001:00026030       ?AutoTestStep_StepPID@CSwitchDlg@@QAEXXZ 00427030 f   SwitchDlg.obj
 0001:000262d0       ?AutoTestStep_DircetCool@CSwitchDlg@@QAEXXZ 004272d0 f   SwitchDlg.obj
 0001:00026540       ?AutoTestStep_HeatAgain@CSwitchDlg@@QAEXXZ 00427540 f   SwitchDlg.obj
 0001:000265f0       ?AutoTestCoolStep_StepHeat@CSwitchDlg@@QAEXXZ 004275f0 f   SwitchDlg.obj
 0001:00026730       ?AutoTestStep_StepCool@CSwitchDlg@@QAEXXZ 00427730 f   SwitchDlg.obj
 0001:00026830       ?OnTimer@CSwitchDlg@@IAEXI@Z 00427830 f   SwitchDlg.obj
 0001:00026bb0       ?GetThisMessageMap@CSwitchDlg@@KGPBUAFX_MSGMAP@@XZ 00427bb0 f   SwitchDlg.obj
 0001:00026bc0       ?GetMessageMap@CSwitchDlg@@MBEPBUAFX_MSGMAP@@XZ 00427bc0 f   SwitchDlg.obj
 0001:00026bd0       ?CheckTestLevel@@YA?AW4TEST_RESULT_LEVEL@@USWITCH_CONFIG_PARA@@USWITCH_TEST_RESULT@@W4HEAT_BOX_TYPE@@@Z 00427bd0 f   TakeDlg.obj
 0001:00027520       ?ClearAllSelected@CTakeoutDlg@@QAEXXZ 00428520 f   TakeDlg.obj
 0001:000275d0       ?SetAllSelected@CTakeoutDlg@@QAEXXZ 004285d0 f   TakeDlg.obj
 0001:00027650       ?DoModal@CTakeoutDlg@@UAEHXZ 00428650 f   TakeDlg.obj
 0001:00027660       ?OnBnClickedButtonTempView@CTakeoutDlg@@QAEXXZ 00428660 f   TakeDlg.obj
 0001:00027700       ?DoDataExchange@CTakeoutDlg@@MAEXPAVCDataExchange@@@Z 00428700 f   TakeDlg.obj
 0001:000279c0       ?OnCtlColor@CTakeoutDlg@@QAEPAUHBRUSH__@@PAVCDC@@PAVCWnd@@I@Z 004289c0 f   TakeDlg.obj
 0001:00027a40       ?OnInitDialog@CTakeoutDlg@@MAEHXZ 00428a40 f   TakeDlg.obj
 0001:00028300       ?OnButtonRecordView2@CTakeoutDlg@@IAEXXZ 00429300 f   TakeDlg.obj
 0001:00028390       ?OnBnClickedButtonSaveExcel@CTakeoutDlg@@QAEXXZ 00429390 f   TakeDlg.obj
 0001:00028b80       ?OnBnClickedButtonTodayChanliang@CTakeoutDlg@@QAEXXZ 00429b80 f   TakeDlg.obj
 0001:000294d0       ??0CTakeoutDlg@@QAE@PAVCWnd@@@Z 0042a4d0 f   TakeDlg.obj
 0001:000296f0       ??_GCTakeoutDlg@@UAEPAXI@Z 0042a6f0 f i TakeDlg.obj
 0001:000296f0       ??_ECTakeoutDlg@@UAEPAXI@Z 0042a6f0 f i TakeDlg.obj
 0001:00029710       ?ShowTestResult_HeYang@CTakeoutDlg@@QAEX_N0@Z 0042a710 f   TakeDlg.obj
 0001:0002a060       ?OnBnClickedButtonPreview@CTakeoutDlg@@QAEXXZ 0042b060 f   TakeDlg.obj
 0001:0002a2f0       ?OnBnClickedButtonPrint@CTakeoutDlg@@QAEXXZ 0042b2f0 f   TakeDlg.obj
 0001:0002aa20       ?ShowTestResult@CTakeoutDlg@@QAEX_N0@Z 0042ba20 f   TakeDlg.obj
 0001:0002aa70       ?OnPaint@CTakeoutDlg@@IAEXXZ 0042ba70 f   TakeDlg.obj
 0001:0002aaf0       ?OnCheckMainLevel@CTakeoutDlg@@IAEXXZ 0042baf0 f   TakeDlg.obj
 0001:0002ad10       ?OnCheckOverHighLevel@CTakeoutDlg@@IAEXXZ 0042bd10 f   TakeDlg.obj
 0001:0002ad60       ?OnCheckCloseHighLevel@CTakeoutDlg@@IAEXXZ 0042bd60 f   TakeDlg.obj
 0001:0002adb0       ?OnCheckCloseLowLevel@CTakeoutDlg@@IAEXXZ 0042bdb0 f   TakeDlg.obj
 0001:0002ae00       ?OnCheckHighLevel@CTakeoutDlg@@IAEXXZ 0042be00 f   TakeDlg.obj
 0001:0002ae50       ?OnCheckLowLevel@CTakeoutDlg@@IAEXXZ 0042be50 f   TakeDlg.obj
 0001:0002aea0       ?OnCheckOverLowLevel@CTakeoutDlg@@IAEXXZ 0042bea0 f   TakeDlg.obj
 0001:0002aef0       ?OnCheckOpenFlash@CTakeoutDlg@@IAEXXZ 0042bef0 f   TakeDlg.obj
 0001:0002af40       ?OnCheckNoAction@CTakeoutDlg@@IAEXXZ 0042bf40 f   TakeDlg.obj
 0001:0002af90       ?OnCheckCloseFlash@CTakeoutDlg@@IAEXXZ 0042bf90 f   TakeDlg.obj
 0001:0002afe0       ?OnTimer@CTakeoutDlg@@IAEXI@Z 0042bfe0 f   TakeDlg.obj
 0001:0002b000       ?OnCheckOpenDoorReset@CTakeoutDlg@@IAEXXZ 0042c000 f   TakeDlg.obj
 0001:0002b050       ?OnRadioOnlyOne@CTakeoutDlg@@IAEXXZ 0042c050 f   TakeDlg.obj
 0001:0002b090       ?OnRadioAllSelect@CTakeoutDlg@@IAEXXZ 0042c090 f   TakeDlg.obj
 0001:0002b0d0       ?OnCheckNoLevel@CTakeoutDlg@@IAEXXZ 0042c0d0 f   TakeDlg.obj
 0001:0002b120       ?OnCheckHighHighLevel@CTakeoutDlg@@IAEXXZ 0042c120 f   TakeDlg.obj
 0001:0002b170       ?OnCheckHighLevelCloseHighLevel@CTakeoutDlg@@IAEXXZ 0042c170 f   TakeDlg.obj
 0001:0002b1c0       ?OnCheckHighLevelCloseLowLevel@CTakeoutDlg@@IAEXXZ 0042c1c0 f   TakeDlg.obj
 0001:0002b210       ?OnCheckLowLevelCloseHighLevel@CTakeoutDlg@@IAEXXZ 0042c210 f   TakeDlg.obj
 0001:0002b260       ?OnCheckLowLevelCloseLowLevel@CTakeoutDlg@@IAEXXZ 0042c260 f   TakeDlg.obj
 0001:0002b2b0       ?PreTranslateMessage@CTakeoutDlg@@UAEHPAUtagMSG@@@Z 0042c2b0 f   TakeDlg.obj
 0001:0002b3f0       ?OnBnClickedCheckNoPtcLevel@CTakeoutDlg@@QAEXXZ 0042c3f0 f   TakeDlg.obj
 0001:0002b440       ?OnShowWindow@CTakeoutDlg@@IAEXHI@Z 0042c440 f   TakeDlg.obj
 0001:0002b460       ?GetThisMessageMap@CTakeoutDlg@@KGPBUAFX_MSGMAP@@XZ 0042c460 f   TakeDlg.obj
 0001:0002b470       ?GetMessageMap@CTakeoutDlg@@MBEPBUAFX_MSGMAP@@XZ 0042c470 f   TakeDlg.obj
 0001:0002b480       ?CalTestResultLevel@CTakeoutPage@@QAEXPAUSWITCH_TEST_RESULT_AND_LEVEL@@@Z 0042c480 f   TakeoutPage.obj
 0001:0002b4d0       ?ClearAllSelected@CTakeoutPage@@QAEXXZ 0042c4d0 f   TakeoutPage.obj
 0001:0002b530       ?AdjustID@@YAHH@Z          0042c530 f   TakeoutPage.obj
 0001:0002b540       ?SetRect@CRect@@QAEXHHHH@Z 0042c540 f i TakeoutPage.obj
 0001:0002b560       ??_ECScrollBar@@UAEPAXI@Z  0042c560 f i TakeoutPage.obj
 0001:0002b560       ??_GCScrollBar@@UAEPAXI@Z  0042c560 f i TakeoutPage.obj
 0001:0002b580       ?SetScrollPos@CScrollBar@@QAEHHH@Z 0042c580 f i TakeoutPage.obj
 0001:0002b5a0       ?SetScrollRange@CScrollBar@@QAEXHHH@Z 0042c5a0 f i TakeoutPage.obj
 0001:0002b5c0       ?DoDataExchange@CTakeoutPage@@MAEXPAVCDataExchange@@@Z 0042c5c0 f   TakeoutPage.obj
 0001:0002b7e0       ?OnInitDialog@CTakeoutPage@@MAEHXZ 0042c7e0 f   TakeoutPage.obj
 0001:0002b950       ?SortTestResult@CTakeoutPage@@QAEXXZ 0042c950 f   TakeoutPage.obj
 0001:0002be50       ??0CTakeoutPage@@QAE@PAVCWnd@@@Z 0042ce50 f   TakeoutPage.obj
 0001:0002bf80       ??_GCTakeoutPage@@UAEPAXI@Z 0042cf80 f i TakeoutPage.obj
 0001:0002bf80       ??_ECTakeoutPage@@UAEPAXI@Z 0042cf80 f i TakeoutPage.obj
 0001:0002bfa0       ?OnButtonRecordView2@CTakeoutPage@@IAEXXZ 0042cfa0 f   TakeoutPage.obj
 0001:0002c030       ?OnButtonTakeoutDlg@CTakeoutPage@@IAEXXZ 0042d030 f   TakeoutPage.obj
 0001:0002c0b0       ?GetSwitchNrString@CTakeoutPage@@QAE?AV?$CStringT@_WV?$StrTraitMFC@_WV?$ChTraitsCRT@_W@ATL@@@@@ATL@@H@Z 0042d0b0 f   TakeoutPage.obj
 0001:0002c1c0       ?ShowTestResult@CTakeoutPage@@QAEXXZ 0042d1c0 f   TakeoutPage.obj
 0001:0002da60       ?OnRadioOnlyOne@CTakeoutPage@@IAEXXZ 0042ea60 f   TakeoutPage.obj
 0001:0002da90       ?OnCheckNoLevel@CTakeoutPage@@IAEXXZ 0042ea90 f   TakeoutPage.obj
 0001:0002dad0       ?OnCheckCloseFlash@CTakeoutPage@@IAEXXZ 0042ead0 f   TakeoutPage.obj
 0001:0002db10       ?OnBnClickedCheckHighHighLevel@CTakeoutPage@@QAEXXZ 0042eb10 f   TakeoutPage.obj
 0001:0002db50       ?OnCheckOverLowLevel@CTakeoutPage@@IAEXXZ 0042eb50 f   TakeoutPage.obj
 0001:0002db90       ?OnCheckOverHighLevel@CTakeoutPage@@IAEXXZ 0042eb90 f   TakeoutPage.obj
 0001:0002dbd0       ?OnCheckLowLevel@CTakeoutPage@@IAEXXZ 0042ebd0 f   TakeoutPage.obj
 0001:0002dc10       ?OnCheckHighLevel@CTakeoutPage@@IAEXXZ 0042ec10 f   TakeoutPage.obj
 0001:0002dc50       ?OnCheckMainLevel@CTakeoutPage@@IAEXXZ 0042ec50 f   TakeoutPage.obj
 0001:0002dc90       ?OnCheckCloseHighLevel@CTakeoutPage@@IAEXXZ 0042ec90 f   TakeoutPage.obj
 0001:0002dcd0       ?OnCheckCloseLowLevel@CTakeoutPage@@IAEXXZ 0042ecd0 f   TakeoutPage.obj
 0001:0002dd10       ?OnCheckOpenFlash@CTakeoutPage@@IAEXXZ 0042ed10 f   TakeoutPage.obj
 0001:0002dd50       ?OnCheckOpenDoorReset@CTakeoutPage@@IAEXXZ 0042ed50 f   TakeoutPage.obj
 0001:0002dd90       ?OnCheckNoAction@CTakeoutPage@@IAEXXZ 0042ed90 f   TakeoutPage.obj
 0001:0002ddd0       ?DrawColorList@CTakeoutPage@@QAEXXZ 0042edd0 f   TakeoutPage.obj
 0001:0002de20       ?OnPaint@CTakeoutPage@@IAEXXZ 0042ee20 f   TakeoutPage.obj
 0001:0002dea0       ?OnVScroll@CTakeoutPage@@IAEXIIPAVCScrollBar@@@Z 0042eea0 f   TakeoutPage.obj
 0001:0002df50       ?GetThisMessageMap@CTakeoutPage@@KGPBUAFX_MSGMAP@@XZ 0042ef50 f   TakeoutPage.obj
 0001:0002df60       ?GetMessageMap@CTakeoutPage@@MBEPBUAFX_MSGMAP@@XZ 0042ef60 f   TakeoutPage.obj
 0001:0002df70       ?GetRuntimeClass@CTempAdjustDlg@@UBEPAUCRuntimeClass@@XZ 0042ef70 f   TempAdjustDlg.obj
 0001:0002df80       ??1CTempAdjustDlg@@UAE@XZ  0042ef80 f   TempAdjustDlg.obj
 0001:0002dff0       ?OnBnClickedOk@CTempAdjustDlg@@QAEXXZ 0042eff0 f   TempAdjustDlg.obj
 0001:0002e000       ??0CTempAdjustDlg@@QAE@PAVCWnd@@@Z 0042f000 f   TempAdjustDlg.obj
 0001:0002e090       ??_ECTempAdjustDlg@@UAEPAXI@Z 0042f090 f i TempAdjustDlg.obj
 0001:0002e090       ??_GCTempAdjustDlg@@UAEPAXI@Z 0042f090 f i TempAdjustDlg.obj
 0001:0002e0b0       ?OnEditClicked@CTempAdjustDlg@@QAEXI@Z 0042f0b0 f   TempAdjustDlg.obj
 0001:0002e250       ?OnInitDialog@CTempAdjustDlg@@UAEHXZ 0042f250 f   TempAdjustDlg.obj
 0001:0002e440       ?OnBnClickedRadio1@CTempAdjustDlg@@QAEXXZ 0042f440 f   TempAdjustDlg.obj
 0001:0002e570       ?OnBnClickedRadio2@CTempAdjustDlg@@QAEXXZ 0042f570 f   TempAdjustDlg.obj
 0001:0002e6a0       ?GetThisMessageMap@CTempAdjustDlg@@KGPBUAFX_MSGMAP@@XZ 0042f6a0 f   TempAdjustDlg.obj
 0001:0002e6b0       ?GetMessageMap@CTempAdjustDlg@@MBEPBUAFX_MSGMAP@@XZ 0042f6b0 f   TempAdjustDlg.obj
 0001:0002e6c0       ?DoDataExchange@CTempParaDlg@@MAEXPAVCDataExchange@@@Z 0042f6c0 f   TempParaDlg.obj
 0001:0002e710       ?OnCtlColor@CDebugDlg@@QAEPAUHBRUSH__@@PAVCDC@@PAVCWnd@@I@Z 0042f710 f   DebugDlg.obj
 0001:0002e710       ?OnCtlColor@CTempParaDlg@@QAEPAUHBRUSH__@@PAVCDC@@PAVCWnd@@I@Z 0042f710 f   TempParaDlg.obj
 0001:0002e710       ?OnCtlColor@CParaDlg@@QAEPAUHBRUSH__@@PAVCDC@@PAVCWnd@@I@Z 0042f710 f   ParaDlg.obj
 0001:0002e790       ?GetThisMessageMap@CTempParaDlg@@KGPBUAFX_MSGMAP@@XZ 0042f790 f   TempParaDlg.obj
 0001:0002e7a0       ?GetMessageMap@CTempParaDlg@@MBEPBUAFX_MSGMAP@@XZ 0042f7a0 f   TempParaDlg.obj
 0001:0002e7b0       ??0CTempParaDlg@@QAE@PAVCWnd@@@Z 0042f7b0 f   TempParaDlg.obj
 0001:0002e8e0       ??_GCTempParaDlg@@UAEPAXI@Z 0042f8e0 f i TempParaDlg.obj
 0001:0002e8e0       ??_ECTempParaDlg@@UAEPAXI@Z 0042f8e0 f i TempParaDlg.obj
 0001:0002e8fe       ?AfxNewHandler@@YAHI@Z     0042f8fe f   uafxcw:afxmem.obj
 0001:0002e903       ?AfxSetNewHandler@@YGP6AHI@ZP6AHI@Z@Z 0042f903 f   uafxcw:afxmem.obj
 0001:0002e91a       ??2@YAPAXI@Z               0042f91a f   uafxcw:afxmem.obj
 0001:0002e949       ??_U@YAPAXI@Z              0042f949 f   uafxcw:afxmem.obj
 0001:0002e954       ??_V@YAXPAX@Z              0042f954 f   uafxcw:afxmem.obj
 0001:0002e954       ??3@YAXPAX@Z               0042f954 f   uafxcw:afxmem.obj
 0001:0002e95f       ?AfxDlgProc@@YGHPAUHWND__@@IIJ@Z 0042f95f f   uafxcw:dlgcore.obj
 0001:0002e99d       ??1CDialog@@UAE@XZ         0042f99d f   uafxcw:dlgcore.obj
 0001:0002e9d4       ?OnPaint@CDialog@@IAEXXZ   0042f9d4 f   uafxcw:dlgcore.obj
 0001:0002ea17       ?SetOccDialogInfo@CDialog@@MAEHPAU_AFX_OCC_DIALOG_INFO@@@Z 0042fa17 f   uafxcw:dlgcore.obj
 0001:0002ea29       ?GetOccDialogInfo@CDialog@@MAEPAU_AFX_OCC_DIALOG_INFO@@XZ 0042fa29 f   uafxcw:dlgcore.obj
 0001:0002ea2d       ??0CDialog@@QAE@IPAVCWnd@@@Z 0042fa2d f   uafxcw:dlgcore.obj
 0001:0002ea6a       ?EndDialog@CDialog@@QAEXH@Z 0042fa6a f   uafxcw:dlgcore.obj
 0001:0002ea94       ?OnOK@CDialog@@MAEXXZ      0042fa94 f   uafxcw:dlgcore.obj
 0001:0002eaaf       ?OnCancel@CDialog@@MAEXXZ  0042faaf f   uafxcw:dlgcore.obj
 0001:0002eab7       ?OnHelpHitTest@CDialog@@IAEJIJ@Z 0042fab7 f   uafxcw:dlgcore.obj
 0001:0002eaca       ?GetRuntimeClass@CDialog@@UBEPAUCRuntimeClass@@XZ 0042faca f   uafxcw:dlgcore.obj
 0001:0002ead0       ??_9CDialog@@$BBFI@AE      0042fad0 f i uafxcw:dlgcore.obj
 0001:0002ead8       ??_9CDialog@@$BBFM@AE      0042fad8 f i uafxcw:dlgcore.obj
 0001:0002eae0       ?AfxGetMainWnd@@YGPAVCWnd@@XZ 0042fae0 f i uafxcw:dlgcore.obj
 0001:0002eaf3       ?GetNextDlgTabItem@CWnd@@QBEPAV1@PAV1@H@Z 0042faf3 f i uafxcw:dlgcore.obj
 0001:0002eb19       ?PreTranslateMessage@CDialog@@UAEHPAUtagMSG@@@Z 0042fb19 f   uafxcw:dlgcore.obj
 0001:0002ebb9       ?OnCmdMsg@CDialog@@UAEHIHPAXPAUAFX_CMDHANDLERINFO@@@Z 0042fbb9 f   uafxcw:dlgcore.obj
 0001:0002ec43       ??_GCDialog@@UAEPAXI@Z     0042fc43 f i uafxcw:dlgcore.obj
 0001:0002ec43       ??_ECDialog@@UAEPAXI@Z     0042fc43 f i uafxcw:dlgcore.obj
 0001:0002ec64       ?PreModal@CDialog@@IAEPAUHWND__@@XZ 0042fc64 f   uafxcw:dlgcore.obj
 0001:0002eca0       ?PostModal@CDialog@@IAEXXZ 0042fca0 f   uafxcw:dlgcore.obj
 0001:0002ece4       ?HandleSetFont@CDialog@@IAEJIJ@Z 0042fce4 f   uafxcw:dlgcore.obj
 0001:0002ed0b       ?HandleInitDialog@CDialog@@IAEJIJ@Z 0042fd0b f   uafxcw:dlgcore.obj
 0001:0002ed93       ?AfxHelpEnabled@@YGHXZ     0042fd93 f   uafxcw:dlgcore.obj
 0001:0002edeb       ?OnInitDialog@CDialog@@UAEHXZ 0042fdeb f   uafxcw:dlgcore.obj
 0001:0002ee4e       ?CheckAutoCenter@CDialog@@UAEHXZ 0042fe4e f   uafxcw:dlgcore.obj
 0001:0002eeeb       ?OnCommandHelp@CDialog@@IAEJIJ@Z 0042feeb f   uafxcw:dlgcore.obj
 0001:0002ef2e       ?GetMessageMap@CDialog@@MBEPBUAFX_MSGMAP@@XZ 0042ff2e f   uafxcw:dlgcore.obj
 0001:0002ef2e       ?GetThisMessageMap@CDialog@@KGPBUAFX_MSGMAP@@XZ 0042ff2e f   uafxcw:dlgcore.obj
 0001:0002ef34       ?CreateDlgIndirect@CWnd@@IAEHPBUDLGTEMPLATE@@PAV1@PAUHINSTANCE__@@@Z 0042ff34 f   uafxcw:dlgcore.obj
 0001:0002f0ef       ?DoModal@CDialog@@UAEHXZ   004300ef f   uafxcw:dlgcore.obj
 0001:0002f2bb       ?CreateIndirect@CDialog@@IAEHPBUDLGTEMPLATE@@PAVCWnd@@PAXPAUHINSTANCE__@@@Z 004302bb f   uafxcw:dlgcore.obj
 0001:0002f2e8       ?CreateIndirect@CDialog@@IAEHPAXPAVCWnd@@PAUHINSTANCE__@@@Z 004302e8 f   uafxcw:dlgcore.obj
 0001:0002f30e       ?CreateIndirect@CDialog@@UAEHPBUDLGTEMPLATE@@PAVCWnd@@PAX@Z 0043030e f   uafxcw:dlgcore.obj
 0001:0002f327       ?Create@CDialog@@UAEHPB_WPAVCWnd@@@Z 00430327 f   uafxcw:dlgcore.obj
 0001:0002f385       ?CreateIndirect@CDialog@@UAEHPAXPAVCWnd@@@Z 00430385 f   uafxcw:dlgcore.obj
 0001:0002f39b       ?GetRuntimeClass@COleException@@UBEPAUCRuntimeClass@@XZ 0043039b f   uafxcw:olemisc.obj
 0001:0002f3a1       ??$AtlMultiply@I@ATL@@YAJPAIII@Z 004303a1 f i uafxcw:olemisc.obj
 0001:0002f3a1       ??$AtlMultiply@K@ATL@@YAJPAKKK@Z 004303a1 f i uafxcw:olemisc.obj
 0001:0002f3c5       ?AtlCoTaskMemCAlloc@ATL@@YAPAXKK@Z 004303c5 f i uafxcw:olemisc.obj
 0001:0002f3f4       ?tcsncpy_s@Checked@ATL@@YAHPA_WIPB_WI@Z 004303f4 f i uafxcw:olemisc.obj
 0001:0002f415       ??0COleException@@QAE@XZ   00430415 f i uafxcw:olemisc.obj
 0001:0002f42d       ?AfxThrowOleException@@YGXJ@Z 0043042d f   uafxcw:olemisc.obj
 0001:0002f470       ?GetErrorMessage@COleException@@UBEHPA_WIPAI@Z 00430470 f   uafxcw:olemisc.obj
 0001:0002f4c9       ?AtlCrtErrorCheck@ATL@@YAHH@Z 004304c9 f i uafxcw:olemisc.obj
 0001:0002f503       ??_GCOleException@@UAEPAXI@Z 00430503 f i uafxcw:olemisc.obj
 0001:0002f503       ??_ECOleException@@UAEPAXI@Z 00430503 f i uafxcw:olemisc.obj
 0001:0002f525       ?AppendChar@?$CSimpleStringT@_W$0A@@ATL@@QAEX_W@Z 00430525 f i uafxcw:olemisc.obj
 0001:0002f554       ??Y?$CSimpleStringT@_W$0A@@ATL@@QAEAAV01@D@Z 00430554 f i uafxcw:olemisc.obj
 0001:0002f571       ?Delete@CException@@QAEXXZ 00430571 f   uafxcw:except.obj
 0001:0002f57f       ?GetErrorMessage@CException@@UAEHPA_WIPAI@Z 0043057f f   uafxcw:except.obj
 0001:0002f58a       ?ReportError@CException@@UAEHII@Z 0043058a f   uafxcw:except.obj
 0001:0002f5fe       ?GetRuntimeClass@CSimpleException@@UBEPAUCRuntimeClass@@XZ 004305fe f   uafxcw:except.obj
 0001:0002f604       ?GetRuntimeClass@CMemoryException@@UBEPAUCRuntimeClass@@XZ 00430604 f   uafxcw:except.obj
 0001:0002f60a       ?GetRuntimeClass@CNotSupportedException@@UBEPAUCRuntimeClass@@XZ 0043060a f   uafxcw:except.obj
 0001:0002f610       ?GetRuntimeClass@CInvalidArgException@@UBEPAUCRuntimeClass@@XZ 00430610 f   uafxcw:except.obj
 0001:0002f616       ?InitString@CSimpleException@@QAEXXZ 00430616 f   uafxcw:except.obj
 0001:0002f641       ?AfxThrowMemoryException@@YGXXZ 00430641 f   uafxcw:except.obj
 0001:0002f65d       ?AfxThrowNotSupportedException@@YGXXZ 0043065d f   uafxcw:except.obj
 0001:0002f679       ?AfxThrowInvalidArgException@@YGXXZ 00430679 f   uafxcw:except.obj
 0001:0002f695       ?CreateObject@?$CThreadLocal@V_AFX_THREAD_STATE@@@@SGPAVCNoTrackObject@@XZ 00430695 f i uafxcw:except.obj
 0001:0002f6c4       ??0CException@@QAE@XZ      004306c4 f   uafxcw:except.obj
 0001:0002f6ce       ??0CException@@QAE@H@Z     004306ce f   uafxcw:except.obj
 0001:0002f6df       ?GetErrorMessage@CSimpleException@@UBEHPA_WIPAI@Z 004306df f   uafxcw:except.obj
 0001:0002f736       ??_ECMemoryException@@UAEPAXI@Z 00430736 f i uafxcw:except.obj
 0001:0002f736       ??_ECResourceException@@UAEPAXI@Z 00430736 f i uafxcw:wingdi.obj
 0001:0002f736       ??_GCResourceException@@UAEPAXI@Z 00430736 f i uafxcw:wingdi.obj
 0001:0002f736       ??_GCInvalidArgException@@UAEPAXI@Z 00430736 f i uafxcw:except.obj
 0001:0002f736       ??_ECNotSupportedException@@UAEPAXI@Z 00430736 f i uafxcw:except.obj
 0001:0002f736       ??_ECUserException@@UAEPAXI@Z 00430736 f i uafxcw:wingdi.obj
 0001:0002f736       ??_GCMemoryException@@UAEPAXI@Z 00430736 f i uafxcw:except.obj
 0001:0002f736       ??_GCUserException@@UAEPAXI@Z 00430736 f i uafxcw:wingdi.obj
 0001:0002f736       ??_ECInvalidArgException@@UAEPAXI@Z 00430736 f i uafxcw:except.obj
 0001:0002f736       ??_GCNotSupportedException@@UAEPAXI@Z 00430736 f i uafxcw:except.obj
 0001:0002f758       _IsPlatformNT              00430758 f   uafxcw:wincore.obj
 0001:0002f7b2       _InitMultipleMonitorStubs  004307b2 f   uafxcw:wincore.obj
 0001:0002f8bc       _xMonitorFromRect@8        004308bc f   uafxcw:wincore.obj
 0001:0002f90d       _xMonitorFromWindow@8      0043090d f   uafxcw:wincore.obj
 0001:0002f97a       _xGetMonitorInfo@8         0043097a f   uafxcw:wincore.obj
 0001:0002fa40       ?AtlIAccessibleInvokeHelper@ATL@@YGJPAUIAccessible@@JABU_GUID@@KGPAUtagDISPPARAMS@@PAUtagVARIANT@@PAUtagEXCEPINFO@@PAI@Z 00430a40 f i uafxcw:wincore.obj
 0001:0003000c       ?AtlIAccessibleGetIDsOfNamesHelper@ATL@@YGJABU_GUID@@PAPA_WIKPAJ@Z 0043100c f i uafxcw:wincore.obj
 0001:0003006e       ??0CWnd@@AAE@PAUHWND__@@@Z 0043106e f   uafxcw:wincore.obj
 0001:000300b9       ?_AfxModifyStyle@@YGHPAUHWND__@@HKKI@Z 004310b9 f   uafxcw:wincore.obj
 0001:0003010b       ?ModifyStyle@CWnd@@SGHPAUHWND__@@KKI@Z 0043110b f   uafxcw:wincore.obj
 0001:00030127       ?ModifyStyleEx@CWnd@@SGHPAUHWND__@@KKI@Z 00431127 f   uafxcw:wincore.obj
[...]
 0001:0006d7d8       __ehhandler$?SetExtent@COleControlSite@@IAEHXZ 0046e7d8 f   uafxcw:occsite.obj
 0001:0006d7f3       __unwindfunclet$?CreateControlCommon@COleControlSite@@MAEJPAVCWnd@@ABU_GUID@@ABVCControlCreationInfo@@PB_WKPBUtagPOINT@@PBUtagSIZE@@IPAVCFile@@HPA_W@Z$0 0046e7f3 f   uafxcw:occsite.obj
 0001:0006d7fb       __ehhandler$?CreateControlCommon@COleControlSite@@MAEJPAVCWnd@@ABU_GUID@@ABVCControlCreationInfo@@PB_WKPBUtagPOINT@@PBUtagSIZE@@IPAVCFile@@HPA_W@Z 0046e7fb f   uafxcw:occsite.obj
 0001:0006d816       __unwindfunclet$?QuickActivate@COleControlSite@@UAEHXZ$0 0046e816 f   uafxcw:occsite.obj
 0001:0006d81e       __ehhandler$?QuickActivate@COleControlSite@@UAEHXZ 0046e81e f   uafxcw:occsite.obj
 0001:0006d839       __unwindfunclet$?CreateOrLoad@COleControlSite@@MAEJABU_GUID@@PAVCFile@@HPA_W@Z$6 0046e839 f   uafxcw:occsite.obj
 0001:0006d841       __ehhandler$?CreateOrLoad@COleControlSite@@MAEJABU_GUID@@PAVCFile@@HPA_W@Z 0046e841 f   uafxcw:occsite.obj
 0001:0006d85c       __unwindfunclet$?BindColumns@CDynamicAccessor@ATL@@QAEJPAUIUnknown@@@Z$10 0046e85c f   uafxcw:occsite.obj
 0001:0006d864       __unwindfunclet$?BindColumns@CDynamicAccessor@ATL@@QAEJPAUIUnknown@@@Z$11 0046e864 f   uafxcw:occsite.obj
 0001:0006d86c       __unwindfunclet$?BindColumns@CDynamicAccessor@ATL@@QAEJPAUIUnknown@@@Z$12 0046e86c f   uafxcw:occsite.obj
 0001:0006d874       __ehhandler$?BindColumns@CDynamicAccessor@ATL@@QAEJPAUIUnknown@@@Z 0046e874 f   uafxcw:occsite.obj
 0001:0006d899       __unwindfunclet$?GetMetaData@CDataSourceControl@@QAEJXZ$2 0046e899 f   uafxcw:occsite.obj
 0001:0006d8a2       __ehhandler$?GetMetaData@CDataSourceControl@@QAEJXZ 0046e8a2 f   uafxcw:occsite.obj
 0001:0006d8ca       __unwindfunclet$?UpdateCursor@CDataSourceControl@@UAEJXZ$0 0046e8ca f   uafxcw:occsite.obj
 0001:0006d8d2       __unwindfunclet$?UpdateCursor@CDataSourceControl@@UAEJXZ$1 0046e8d2 f   uafxcw:occsite.obj
 0001:0006d8da       __unwindfunclet$?UpdateCursor@CDataSourceControl@@UAEJXZ$2 0046e8da f   uafxcw:occsite.obj
 0001:0006d8e2       __ehhandler$?UpdateCursor@CDataSourceControl@@UAEJXZ 0046e8e2 f   uafxcw:occsite.obj
 0001:0006d8fd       __unwindfunclet$??0COleControlSite@@QAE@PAVCOleControlContainer@@@Z$0 0046e8fd f   uafxcw:occsite.obj
 0001:0006d905       __unwindfunclet$??0COleControlSite@@QAE@PAVCOleControlContainer@@@Z$1 0046e905 f   uafxcw:occsite.obj
 0001:0006d913       __ehhandler$??0COleControlSite@@QAE@PAVCOleControlContainer@@@Z 0046e913 f   uafxcw:occsite.obj
 0001:0006d92e       __unwindfunclet$?EnableDSC@COleControlSite@@UAEXXZ$0 0046e92e f   uafxcw:occsite.obj
 0001:0006d938       __ehhandler$?EnableDSC@COleControlSite@@UAEXXZ 0046e938 f   uafxcw:occsite.obj
 0001:0006d953       __unwindfunclet$??1CDataSourceControl@@QAE@XZ$0 0046e953 f   uafxcw:occsite.obj
 0001:0006d95e       __ehhandler$??1CDataSourceControl@@QAE@XZ 0046e95e f   uafxcw:occsite.obj
 0001:0006d979       __unwindfunclet$?ToVariant@CDataSourceControl@@QAE?AVCOleVariant@@H@Z$0 0046e979 f   uafxcw:occsite.obj
 0001:0006d981       __unwindfunclet$?ToVariant@CDataSourceControl@@QAE?AVCOleVariant@@H@Z$13 0046e981 f   uafxcw:occsite.obj
 0001:0006d98c       __unwindfunclet$?ToVariant@CDataSourceControl@@QAE?AVCOleVariant@@H@Z$14 0046e98c f   uafxcw:occsite.obj
 0001:0006d994       __unwindfunclet$?ToVariant@CDataSourceControl@@QAE?AVCOleVariant@@H@Z$11 0046e994 f   uafxcw:occsite.obj
 0001:0006d99f       __unwindfunclet$?ToVariant@CDataSourceControl@@QAE?AVCOleVariant@@H@Z$10 0046e99f f   uafxcw:occsite.obj
 0001:0006d9a7       __unwindfunclet$?ToVariant@CDataSourceControl@@QAE?AVCOleVariant@@H@Z$9 0046e9a7 f   uafxcw:occsite.obj
 0001:0006d9b2       __unwindfunclet$?ToVariant@CDataSourceControl@@QAE?AVCOleVariant@@H@Z$8 0046e9b2 f   uafxcw:occsite.obj
 0001:0006d9bd       __unwindfunclet$?ToVariant@CDataSourceControl@@QAE?AVCOleVariant@@H@Z$7 0046e9bd f   uafxcw:occsite.obj
 0001:0006d9c8       __unwindfunclet$?ToVariant@CDataSourceControl@@QAE?AVCOleVariant@@H@Z$2 0046e9c8 f   uafxcw:occsite.obj
 0001:0006d9d3       __unwindfunclet$?ToVariant@CDataSourceControl@@QAE?AVCOleVariant@@H@Z$12 0046e9d3 f   uafxcw:occsite.obj
 0001:0006d9de       __unwindfunclet$?ToVariant@CDataSourceControl@@QAE?AVCOleVariant@@H@Z$3 0046e9de f   uafxcw:occsite.obj
 0001:0006d9e6       __unwindfunclet$?ToVariant@CDataSourceControl@@QAE?AVCOleVariant@@H@Z$4 0046e9e6 f   uafxcw:occsite.obj
 0001:0006d9f1       __unwindfunclet$?ToVariant@CDataSourceControl@@QAE?AVCOleVariant@@H@Z$18 0046e9f1 f   uafxcw:occsite.obj
 0001:0006d9fc       __unwindfunclet$?ToVariant@CDataSourceControl@@QAE?AVCOleVariant@@H@Z$17 0046e9fc f   uafxcw:occsite.obj
 0001:0006da07       __unwindfunclet$?ToVariant@CDataSourceControl@@QAE?AVCOleVariant@@H@Z$16 0046ea07 f   uafxcw:occsite.obj
 0001:0006da0f       __unwindfunclet$?ToVariant@CDataSourceControl@@QAE?AVCOleVariant@@H@Z$15 0046ea0f f   uafxcw:occsite.obj
 0001:0006da1a       __unwindfunclet$?ToVariant@CDataSourceControl@@QAE?AVCOleVariant@@H@Z$5 0046ea1a f   uafxcw:occsite.obj
 0001:0006da22       __unwindfunclet$?ToVariant@CDataSourceControl@@QAE?AVCOleVariant@@H@Z$6 0046ea22 f   uafxcw:occsite.obj
 0001:0006da2d       __ehhandler$?ToVariant@CDataSourceControl@@QAE?AVCOleVariant@@H@Z 0046ea2d f   uafxcw:occsite.obj
 0001:0006da55       __unwindfunclet$?UpdateControls@CDataSourceControl@@UAEJXZ$0 0046ea55 f   uafxcw:occsite.obj
 0001:0006da5d       __unwindfunclet$?UpdateControls@CDataSourceControl@@UAEJXZ$1 0046ea5d f   uafxcw:occsite.obj
 0001:0006da65       __ehhandler$?UpdateControls@CDataSourceControl@@UAEJXZ 0046ea65 f   uafxcw:occsite.obj
 0001:0006da80       __unwindfunclet$??1COleControlSite@@UAE@XZ$0 0046ea80 f   uafxcw:occsite.obj
 0001:0006da88       __unwindfunclet$??1COleControlSite@@UAE@XZ$1 0046ea88 f   uafxcw:occsite.obj
 0001:0006da96       __unwindfunclet$??1COleControlSite@@UAE@XZ$2 0046ea96 f   uafxcw:occsite.obj
 0001:0006daa4       __unwindfunclet$??1COleControlSite@@UAE@XZ$3 0046eaa4 f   uafxcw:occsite.obj
 0001:0006daac       __unwindfunclet$??1COleControlSite@@UAE@XZ$4 0046eaac f   uafxcw:occsite.obj
 0001:0006dab4       __ehhandler$??1COleControlSite@@UAE@XZ 0046eab4 f   uafxcw:occsite.obj
 0001:0006dacf       __ehhandler$?IsDialogMessageW@COccManager@@UAEHPAVCWnd@@PAUtagMSG@@@Z 0046eacf f   uafxcw:occdlg.obj
 0001:0006daea       __unwindfunclet$??1CMemFile@@UAE@XZ$0 0046eaea f   uafxcw:filemem.obj
 0001:0006daea       __unwindfunclet$??0CMemFile@@QAE@PAEII@Z$0 0046eaea f   uafxcw:filemem.obj
 0001:0006daf2       __ehhandler$??1CMemFile@@UAE@XZ 0046eaf2 f   uafxcw:filemem.obj
 0001:0006daf2       __ehhandler$??0CMemFile@@QAE@PAEII@Z 0046eaf2 f   uafxcw:filemem.obj
 0001:0006db0d       __unwindfunclet$?PushStackArgs@CCmdTarget@@IAEJPAEPBEPAXGPAUtagDISPPARAMS@@PAIPAUtagVARIANT@@PAVCVariantBoolConverter@@@Z$0 0046eb0d f   uafxcw:oledisp1.obj
 0001:0006db15       __ehhandler$?PushStackArgs@CCmdTarget@@IAEJPAEPBEPAXGPAUtagDISPPARAMS@@PAIPAUtagVARIANT@@PAVCVariantBoolConverter@@@Z 0046eb15 f   uafxcw:oledisp1.obj
 0001:0006db30       __unwindfunclet$?CallMemberFunc@CCmdTarget@@IAEJPBUAFX_DISPMAP_ENTRY@@GPAUtagVARIANT@@PAUtagDISPPARAMS@@PAI@Z$2 0046eb30 f   uafxcw:oledisp1.obj
 0001:0006db38       __unwindfunclet$?CallMemberFunc@CCmdTarget@@IAEJPBUAFX_DISPMAP_ENTRY@@GPAUtagVARIANT@@PAUtagDISPPARAMS@@PAI@Z$3 0046eb38 f   uafxcw:oledisp1.obj
 0001:0006db40       __ehhandler$?CallMemberFunc@CCmdTarget@@IAEJPBUAFX_DISPMAP_ENTRY@@GPAUtagVARIANT@@PAUtagDISPPARAMS@@PAI@Z 0046eb40 f   uafxcw:oledisp1.obj
 0001:0006db65       __unwindfunclet$??0COleDispatchException@@QAE@PB_WIG@Z$0 0046eb65 f   uafxcw:oledisp1.obj
 0001:0006db70       __unwindfunclet$??0COleDispatchException@@QAE@PB_WIG@Z$1 0046eb70 f   uafxcw:oledisp1.obj
 0001:0006db7b       __unwindfunclet$??0COleDispatchException@@QAE@PB_WIG@Z$2 0046eb7b f   uafxcw:oledisp1.obj
 0001:0006db86       __ehhandler$??0COleDispatchException@@QAE@PB_WIG@Z 0046eb86 f   uafxcw:oledisp1.obj
 0001:0006dba1       __unwindfunclet$?Next@XEnumVOID@CEnumArray@@UAGJKPAXPAK@Z$2 0046eba1 f   uafxcw:oleenum.obj
 0001:0006dba9       __ehhandler$?Next@XEnumVOID@CEnumArray@@UAGJKPAXPAK@Z 0046eba9 f   uafxcw:oleenum.obj
 0001:0006dbc4       __unwindfunclet$?Skip@XEnumVOID@CEnumArray@@UAGJK@Z$2 0046ebc4 f   uafxcw:oleenum.obj
 0001:0006dbcc       __ehhandler$?Skip@XEnumVOID@CEnumArray@@UAGJK@Z 0046ebcc f   uafxcw:oleenum.obj
 0001:0006dbe7       __unwindfunclet$?Clone@XEnumVOID@CEnumArray@@UAGJPAPAUIEnumVOID@@@Z$2 0046ebe7 f   uafxcw:oleenum.obj
 0001:0006dbef       __ehhandler$?Clone@XEnumVOID@CEnumArray@@UAGJPAPAUIEnumVOID@@@Z 0046ebef f   uafxcw:oleenum.obj
 0001:0006dc0a       __unwindfunclet$?InvokeHelperV@COleDispatchDriver@@QAEXJGGPAXPBEPAD@Z$0 0046ec0a f   uafxcw:oledisp2.obj
 0001:0006dc12       __unwindfunclet$?InvokeHelperV@COleDispatchDriver@@QAEXJGGPAXPBEPAD@Z$1 0046ec12 f   uafxcw:oledisp2.obj
 0001:0006dc1a       __unwindfunclet$?InvokeHelperV@COleDispatchDriver@@QAEXJGGPAXPBEPAD@Z$2 0046ec1a f   uafxcw:oledisp2.obj
 0001:0006dc22       __unwindfunclet$?InvokeHelperV@COleDispatchDriver@@QAEXJGGPAXPBEPAD@Z$3 0046ec22 f   uafxcw:oledisp2.obj
 0001:0006dc2b       __ehhandler$?InvokeHelperV@COleDispatchDriver@@QAEXJGGPAXPBEPAD@Z 0046ec2b f   uafxcw:oledisp2.obj
 0001:0006dc49       __unwindfunclet$?OnClone@CEnumArray@@MAEPAV1@XZ$0 0046ec49 f   uafxcw:oleinit.obj
 0001:0006dc49       __unwindfunclet$?AfxBeginThread@@YGPAVCWinThread@@P6AIPAX@Z0HIKPAU_SECURITY_ATTRIBUTES@@@Z$0 0046ec49 f   uafxcw:oleinit.obj
 0001:0006dc49       __unwindfunclet$?CreateObject@CWnd@@SGPAVCObject@@XZ$0 0046ec49 f   uafxcw:oleinit.obj
 0001:0006dc49       __unwindfunclet$?AttachOnSetup@CPrintDialog@@MAEPAV1@XZ$0 0046ec49 f   uafxcw:oleinit.obj
 0001:0006dc49       __unwindfunclet$?CreateContainer@COccManager@@UAEPAVCOleControlContainer@@PAVCWnd@@@Z$0 0046ec49 f   uafxcw:oleinit.obj
 0001:0006dc49       __unwindfunclet$?AfxThrowOleException@@YGXJ@Z$0 0046ec49 f   uafxcw:oleinit.obj
 0001:0006dc49       __unwindfunclet$?CreateSite@COleControlSiteFactory@@UAEPAVCOleControlSite@@PAVCOleControlContainer@@ABVCControlCreationInfo@@@Z$0 0046ec49 f   uafxcw:oleinit.obj
 0001:0006dc49       __unwindfunclet$?AfxOleInit@@YGHXZ$1 0046ec49 f   uafxcw:oleinit.obj
 0001:0006dc52       __ehhandler$?AfxBeginThread@@YGPAVCWinThread@@P6AIPAX@Z0HIKPAU_SECURITY_ATTRIBUTES@@@Z 0046ec52 f   uafxcw:oleinit.obj
 0001:0006dc52       __ehhandler$?AttachOnSetup@CPrintDialog@@MAEPAV1@XZ 0046ec52 f   uafxcw:oleinit.obj
 0001:0006dc52       __ehhandler$?OnClone@CEnumArray@@MAEPAV1@XZ 0046ec52 f   uafxcw:oleinit.obj
 0001:0006dc52       __ehhandler$?CreateObject@CWnd@@SGPAVCObject@@XZ 0046ec52 f   uafxcw:oleinit.obj
 0001:0006dc52       __ehhandler$?AfxThrowOleException@@YGXJ@Z 0046ec52 f   uafxcw:oleinit.obj
 0001:0006dc52       __ehhandler$?CreateContainer@COccManager@@UAEPAVCOleControlContainer@@PAVCWnd@@@Z 0046ec52 f   uafxcw:oleinit.obj
 0001:0006dc52       __ehhandler$?AfxOleInit@@YGHXZ 0046ec52 f   uafxcw:oleinit.obj
 0001:0006dc52       __ehhandler$?CreateSite@COleControlSiteFactory@@UAEPAVCOleControlSite@@PAVCOleControlContainer@@ABVCControlCreationInfo@@@Z 0046ec52 f   uafxcw:oleinit.obj
 0001:0006dc6d       __unwindfunclet$?CreateObject@?$CProcessLocal@VCControlSiteFactoryMgr@@@@SGPAVCNoTrackObject@@XZ$0 0046ec6d f   uafxcw:oledobj2.obj
 0001:0006dc6d       __unwindfunclet$?CreateObject@?$CProcessLocal@V_AFX_OLE_STATE@@@@SGPAVCNoTrackObject@@XZ$0 0046ec6d f   uafxcw:oledobj2.obj
 0001:0006dc6d       __unwindfunclet$?CreateObject@?$CProcessLocal@V_AFX_BASE_MODULE_STATE@@@@SGPAVCNoTrackObject@@XZ$0 0046ec6d f   uafxcw:oledobj2.obj
 0001:0006dc6d       __unwindfunclet$?CreateObject@?$CThreadLocal@VAFX_MODULE_THREAD_STATE@@@@SGPAVCNoTrackObject@@XZ$0 0046ec6d f   uafxcw:oledobj2.obj
 0001:0006dc6d       __unwindfunclet$?CreateObject@?$CThreadLocal@V_AFX_THREAD_STATE@@@@SGPAVCNoTrackObject@@XZ$0 0046ec6d f   uafxcw:oledobj2.obj
 0001:0006dc76       __ehhandler$?CreateObject@?$CProcessLocal@VCControlSiteFactoryMgr@@@@SGPAVCNoTrackObject@@XZ 0046ec76 f   uafxcw:oledobj2.obj
 0001:0006dc76       __ehhandler$?CreateObject@?$CThreadLocal@V_AFX_THREAD_STATE@@@@SGPAVCNoTrackObject@@XZ 0046ec76 f   uafxcw:oledobj2.obj
 0001:0006dc76       __ehhandler$?CreateObject@?$CThreadLocal@VAFX_MODULE_THREAD_STATE@@@@SGPAVCNoTrackObject@@XZ 0046ec76 f   uafxcw:oledobj2.obj
 0001:0006dc76       __ehhandler$?CreateObject@?$CProcessLocal@V_AFX_BASE_MODULE_STATE@@@@SGPAVCNoTrackObject@@XZ 0046ec76 f   uafxcw:oledobj2.obj
 0001:0006dc76       __ehhandler$?CreateObject@?$CProcessLocal@V_AFX_OLE_STATE@@@@SGPAVCNoTrackObject@@XZ 0046ec76 f   uafxcw:oledobj2.obj
 0001:0006dc91       __unwindfunclet$?OnBusyDialog@COleMessageFilter@@UAEHPAUHTASK__@@@Z$2 0046ec91 f   uafxcw:olemsgf.obj
 0001:0006dc9c       __ehhandler$?OnBusyDialog@COleMessageFilter@@UAEHPAUHTASK__@@@Z 0046ec9c f   uafxcw:olemsgf.obj
 0001:0006dcba       __unwindfunclet$?OnNotRespondingDialog@COleMessageFilter@@UAEHPAUHTASK__@@@Z$2 0046ecba f   uafxcw:olemsgf.obj
 0001:0006dcc5       __ehhandler$?OnNotRespondingDialog@COleMessageFilter@@UAEHPAUHTASK__@@@Z 0046ecc5 f   uafxcw:olemsgf.obj
 0001:0006dce3       __ehhandler$?CallUnexpected@@YAXPBU_s_ESTypeList@@@Z 0046ece3 f   libcmt:frame.obj
 0001:0006dd00       ??__EWriteCommMsg@@YAXXZ   0046ed00 f   comm.obj
 0001:0006dd30       ??__EG_CopyRight@@YAXXZ    0046ed30 f   CopyRight.obj
 0001:0006dd50       ??__EEditMsg@@YAXXZ        0046ed50 f   DebugDlg.obj
 0001:0006e1f0       ??__ESTD_TIME@@YAXXZ       0046f1f0 f   HeatBox.obj
 0001:0006e250       ??__EstrMsgCaption@@YAXXZ  0046f250 f   HeatBox.obj
 0001:0006e270       ??__EtheApp@@YAXXZ         0046f270 f   HeatBox.obj
 0001:0006e290       ??__EtheAppDirectory@@YAXXZ 0046f290 f   HeatBox.obj
 0001:0006e2c0       ??__EG_sCompany@@YAXXZ     0046f2c0 f   HeatBox.obj
 0001:0006e2f0       ??__EG_bkBrush@@YAXXZ      0046f2f0 f   HeatBox.obj
 0001:0006e300       ??__EG_WhiteBrush@@YAXXZ   0046f300 f   HeatBox.obj
 0001:0006e310       ??__Em_SendCmdArray500@@YAXXZ 0046f310 f   HeatBoxDlg.obj
 0001:0006e330       ??__EstrModify@@YAXXZ      0046f330 f   HeatBoxDlg.obj
 0001:0006e350       ??__EsHeatPercent@@YAXXZ   0046f350 f   HeatBoxDlg.obj
 0001:0006e380       ??__EstrParaName@@YAXXZ    0046f380 f   RecordViewDlg.obj
 0001:0006e560       ??__EMemDC@@YAXXZ          0046f560 f   SwitchDlg.obj
 0001:0006e580       ??__Ebitmap@@YAXXZ         0046f580 f   SwitchDlg.obj
 0001:0006e590       ??__EMemDC@@YAXXZ          0046f590 f   TakeDlg.obj
 0001:0006e5b0       ??__Ebitmap@@YAXXZ         0046f5b0 f   TakeDlg.obj
 0001:0006e5c0       ??__Eblackbrush@@YAXXZ     0046f5c0 f   TakeDlg.obj
 0001:0006e5e0       ??__Ewhitebrush@@YAXXZ     0046f5e0 f   TakeDlg.obj
 0001:0006e600       ??__Egbrush@@YAXXZ         0046f600 f   TakeDlg.obj
 0001:0006e620       ??__Ebbrush@@YAXXZ         0046f620 f   TakeDlg.obj
 0001:0006e63b       ??__E_simpleMemoryException@@YAXXZ 0046f63b f   uafxcw:except.obj
 0001:0006e647       ??__E_simpleNotSupportedException@@YAXXZ 0046f647 f   uafxcw:except.obj
 0001:0006e653       ??__E_simpleInvalidArgException@@YAXXZ 0046f653 f   uafxcw:except.obj
 0001:0006e65f       ??__E_afxHtmlHelpState@@YAXXZ 0046f65f f   uafxcw:wincore.obj
 0001:0006e66b       ??__E?m_nMsgDragList@CWnd@@1IB@@YAXXZ 0046f66b f   uafxcw:wincore.obj
 0001:0006e67c       ??__E?wndTop@CWnd@@2V1@B@@YAXXZ 0046f67c f   uafxcw:wincore.obj
 0001:0006e6e4       ??__E?wndBottom@CWnd@@2V1@B@@YAXXZ 0046f6e4 f   uafxcw:wincore.obj
 0001:0006e751       ??__E?wndTopMost@CWnd@@2V1@B@@YAXXZ 0046f751 f   uafxcw:wincore.obj
 0001:0006e7bb       ??__E?wndNoTopMost@CWnd@@2V1@B@@YAXXZ 0046f7bb f   uafxcw:wincore.obj
 0001:0006e828       ??__EafxStringManager@@YAXXZ 0046f828 f   uafxcw:strcore.obj
 0001:0006e832       ??__E_simpleResourceException@@YAXXZ 0046f832 f   uafxcw:wingdi.obj
 0001:0006e86c       ??__E_simpleUserException@@YAXXZ 0046f86c f   uafxcw:wingdi.obj
 0001:0006e8a6       ??__E_init_CByteArray@@YAXXZ 0046f8a6 f   uafxcw:array_b.obj
 0001:0006e8b1       ??__E_afxThreadState@@YAXXZ 0046f8b1 f   uafxcw:afxstate.obj
 0001:0006e8bd       ??__E_afxBaseModuleState@@YAXXZ 0046f8bd f   uafxcw:afxstate.obj
 0001:0006e8c9       ??__E_init_CStringArray@@YAXXZ 0046f8c9 f   uafxcw:array_s.obj
 0001:0006e8d4       ??__E_afxOccManager@@YAXXZ 0046f8d4 f   uafxcw:occmgr.obj
 0001:0006e8e0       ??__E_afxControlFactoryMgr@@YAXXZ 0046f8e0 f   uafxcw:occmgr.obj
 0001:0006e8ec       ??__EafxData@@YAXXZ        0046f8ec f   uafxcw:auxdata.obj
 0001:0006e902       ??__E_oleData@@YAXXZ       0046f902 f   uafxcw:oleinit.obj
 0001:0006e90c       ??__E_init_CObArray@@YAXXZ 0046f90c f   uafxcw:array_o.obj
 0001:0006e917       ??__E_afxOleState@@YAXXZ   0046f917 f   uafxcw:oledata.obj
 0001:0006e923       ??__E_AtlBaseModule@ATL@@YAXXZ 0046f923 f   atls:atlbase.obj
 0001:0006e939       ??__E_afxInitAppState@@YAXXZ 0046f939 f   uafxcw:appmodul.obj
 0001:0006e960       ??__FWriteCommMsg@@YAXXZ   0046f960 f   comm.obj
 0001:0006e990       ??__FG_CopyRight@@YAXXZ    0046f990 f   CopyRight.obj
 0001:0006e9a0       ??__FEditMsg@@YAXXZ        0046f9a0 f   DebugDlg.obj
 0001:0006e9c0       ??__FtheApp@@YAXXZ         0046f9c0 f   HeatBox.obj
 0001:0006e9d0       ??__FstrMsgCaption@@YAXXZ  0046f9d0 f   HeatBox.obj
 0001:0006ea00       ??__FtheAppDirectory@@YAXXZ 0046fa00 f   HeatBox.obj
 0001:0006ea30       ??__FG_sCompany@@YAXXZ     0046fa30 f   HeatBox.obj
 0001:0006ea60       ??__FG_bkBrush@@YAXXZ      0046fa60 f   HeatBox.obj
 0001:0006ea80       ??__FG_WhiteBrush@@YAXXZ   0046fa80 f   HeatBox.obj
 0001:0006eaa0       ??__Fm_SendCmdArray500@@YAXXZ 0046faa0 f   HeatBoxDlg.obj
 0001:0006eab0       ??__FstrModify@@YAXXZ      0046fab0 f   HeatBoxDlg.obj
 0001:0006eae0       ??__FsHeatPercent@@YAXXZ   0046fae0 f   HeatBoxDlg.obj
 0001:0006eb10       ??__FstrParaName@@YAXXZ    0046fb10 f   RecordViewDlg.obj
 0001:0006eb30       ??__FMemDC@@YAXXZ          0046fb30 f   SwitchDlg.obj
 0001:0006eb40       ??__Fbitmap@@YAXXZ         0046fb40 f   SwitchDlg.obj
 0001:0006eb60       ??__FMemDC@@YAXXZ          0046fb60 f   TakeDlg.obj
 0001:0006eb70       ??__Fbitmap@@YAXXZ         0046fb70 f   TakeDlg.obj
 0001:0006eb90       ??__Fblackbrush@@YAXXZ     0046fb90 f   TakeDlg.obj
 0001:0006ebb0       ??__Fwhitebrush@@YAXXZ     0046fbb0 f   TakeDlg.obj
 0001:0006ebd0       ??__Fgbrush@@YAXXZ         0046fbd0 f   TakeDlg.obj
 0001:0006ebf0       ??__Fbbrush@@YAXXZ         0046fbf0 f   TakeDlg.obj
 0001:0006ec04       ??__F_simpleMemoryException@@YAXXZ 0046fc04 f   uafxcw:except.obj
 0001:0006ec0f       ??__F_simpleNotSupportedException@@YAXXZ 0046fc0f f   uafxcw:except.obj
 0001:0006ec1a       ??__F_simpleInvalidArgException@@YAXXZ 0046fc1a f   uafxcw:except.obj
 0001:0006ec25       ??__F_afxHtmlHelpState@@YAXXZ 0046fc25 f   uafxcw:wincore.obj
 0001:0006ec2f       ??__F?wndTop@CWnd@@2V1@B@@YAXXZ 0046fc2f f   uafxcw:wincore.obj
 0001:0006ec39       ??__F?wndBottom@CWnd@@2V1@B@@YAXXZ 0046fc39 f   uafxcw:wincore.obj
 0001:0006ec43       ??__F?wndTopMost@CWnd@@2V1@B@@YAXXZ 0046fc43 f   uafxcw:wincore.obj
 0001:0006ec4d       ??__F?wndNoTopMost@CWnd@@2V1@B@@YAXXZ 0046fc4d f   uafxcw:wincore.obj
 0001:0006ec57       ??__F_simpleResourceException@@YAXXZ 0046fc57 f   uafxcw:wingdi.obj
 0001:0006ec62       ??__F_simpleUserException@@YAXXZ 0046fc62 f   uafxcw:wingdi.obj
 0001:0006ec6d       ??__F_afxThreadState@@YAXXZ 0046fc6d f   uafxcw:afxstate.obj
 0001:0006ec77       ??__F_afxBaseModuleState@@YAXXZ 0046fc77 f   uafxcw:afxstate.obj
 0001:0006ec81       ??__F_afxOccManager@@YAXXZ 0046fc81 f   uafxcw:occmgr.obj
 0001:0006ec8b       ??__F_afxControlFactoryMgr@@YAXXZ 0046fc8b f   uafxcw:occmgr.obj
 0001:0006ec95       ??__FafxData@@YAXXZ        0046fc95 f   uafxcw:auxdata.obj
 0001:0006ec9f       ??__F_afxOleState@@YAXXZ   0046fc9f f   uafxcw:oledata.obj
 0001:0006eca9       ??__F_AtlBaseModule@ATL@@YAXXZ 0046fca9 f   atls:atlbase.obj
